Archive member included to satisfy reference by file (symbol)

c:/program files (x86)/atollic/truestudio for stm32 9.0.1/armtools/bin/../lib/gcc/arm-atollic-eabi/6.3.1/../../../../arm-atollic-eabi/lib/armv7e-m/fpu\libc_nano.a(lib_a-init.o)
                              src\startup_stm32f40xx.o (__libc_init_array)
c:/program files (x86)/atollic/truestudio for stm32 9.0.1/armtools/bin/../lib/gcc/arm-atollic-eabi/6.3.1/../../../../arm-atollic-eabi/lib/armv7e-m/fpu\libc_nano.a(lib_a-memset.o)
                              src\logger.o (memset)
c:/program files (x86)/atollic/truestudio for stm32 9.0.1/armtools/bin/../lib/gcc/arm-atollic-eabi/6.3.1/../../../../arm-atollic-eabi/lib/armv7e-m/fpu\libm.a(lib_a-s_cos.o)
                              src\EKF.o (cos)
c:/program files (x86)/atollic/truestudio for stm32 9.0.1/armtools/bin/../lib/gcc/arm-atollic-eabi/6.3.1/../../../../arm-atollic-eabi/lib/armv7e-m/fpu\libm.a(lib_a-s_sin.o)
                              src\EKF.o (sin)
c:/program files (x86)/atollic/truestudio for stm32 9.0.1/armtools/bin/../lib/gcc/arm-atollic-eabi/6.3.1/../../../../arm-atollic-eabi/lib/armv7e-m/fpu\libm.a(lib_a-e_rem_pio2.o)
                              c:/program files (x86)/atollic/truestudio for stm32 9.0.1/armtools/bin/../lib/gcc/arm-atollic-eabi/6.3.1/../../../../arm-atollic-eabi/lib/armv7e-m/fpu\libm.a(lib_a-s_cos.o) (__ieee754_rem_pio2)
c:/program files (x86)/atollic/truestudio for stm32 9.0.1/armtools/bin/../lib/gcc/arm-atollic-eabi/6.3.1/../../../../arm-atollic-eabi/lib/armv7e-m/fpu\libm.a(lib_a-k_cos.o)
                              c:/program files (x86)/atollic/truestudio for stm32 9.0.1/armtools/bin/../lib/gcc/arm-atollic-eabi/6.3.1/../../../../arm-atollic-eabi/lib/armv7e-m/fpu\libm.a(lib_a-s_cos.o) (__kernel_cos)
c:/program files (x86)/atollic/truestudio for stm32 9.0.1/armtools/bin/../lib/gcc/arm-atollic-eabi/6.3.1/../../../../arm-atollic-eabi/lib/armv7e-m/fpu\libm.a(lib_a-k_rem_pio2.o)
                              c:/program files (x86)/atollic/truestudio for stm32 9.0.1/armtools/bin/../lib/gcc/arm-atollic-eabi/6.3.1/../../../../arm-atollic-eabi/lib/armv7e-m/fpu\libm.a(lib_a-e_rem_pio2.o) (__kernel_rem_pio2)
c:/program files (x86)/atollic/truestudio for stm32 9.0.1/armtools/bin/../lib/gcc/arm-atollic-eabi/6.3.1/../../../../arm-atollic-eabi/lib/armv7e-m/fpu\libm.a(lib_a-k_sin.o)
                              c:/program files (x86)/atollic/truestudio for stm32 9.0.1/armtools/bin/../lib/gcc/arm-atollic-eabi/6.3.1/../../../../arm-atollic-eabi/lib/armv7e-m/fpu\libm.a(lib_a-s_cos.o) (__kernel_sin)
c:/program files (x86)/atollic/truestudio for stm32 9.0.1/armtools/bin/../lib/gcc/arm-atollic-eabi/6.3.1/../../../../arm-atollic-eabi/lib/armv7e-m/fpu\libm.a(lib_a-s_fabs.o)
                              c:/program files (x86)/atollic/truestudio for stm32 9.0.1/armtools/bin/../lib/gcc/arm-atollic-eabi/6.3.1/../../../../arm-atollic-eabi/lib/armv7e-m/fpu\libm.a(lib_a-e_rem_pio2.o) (fabs)
c:/program files (x86)/atollic/truestudio for stm32 9.0.1/armtools/bin/../lib/gcc/arm-atollic-eabi/6.3.1/../../../../arm-atollic-eabi/lib/armv7e-m/fpu\libm.a(lib_a-s_floor.o)
                              c:/program files (x86)/atollic/truestudio for stm32 9.0.1/armtools/bin/../lib/gcc/arm-atollic-eabi/6.3.1/../../../../arm-atollic-eabi/lib/armv7e-m/fpu\libm.a(lib_a-k_rem_pio2.o) (floor)
c:/program files (x86)/atollic/truestudio for stm32 9.0.1/armtools/bin/../lib/gcc/arm-atollic-eabi/6.3.1/../../../../arm-atollic-eabi/lib/armv7e-m/fpu\libm.a(lib_a-s_scalbn.o)
                              c:/program files (x86)/atollic/truestudio for stm32 9.0.1/armtools/bin/../lib/gcc/arm-atollic-eabi/6.3.1/../../../../arm-atollic-eabi/lib/armv7e-m/fpu\libm.a(lib_a-k_rem_pio2.o) (scalbn)
c:/program files (x86)/atollic/truestudio for stm32 9.0.1/armtools/bin/../lib/gcc/arm-atollic-eabi/6.3.1/../../../../arm-atollic-eabi/lib/armv7e-m/fpu\libm.a(lib_a-s_copysign.o)
                              c:/program files (x86)/atollic/truestudio for stm32 9.0.1/armtools/bin/../lib/gcc/arm-atollic-eabi/6.3.1/../../../../arm-atollic-eabi/lib/armv7e-m/fpu\libm.a(lib_a-s_scalbn.o) (copysign)
c:/program files (x86)/atollic/truestudio for stm32 9.0.1/armtools/bin/../lib/gcc/arm-atollic-eabi/6.3.1/armv7e-m/fpu\libgcc.a(_arm_addsubdf3.o)
                              c:/program files (x86)/atollic/truestudio for stm32 9.0.1/armtools/bin/../lib/gcc/arm-atollic-eabi/6.3.1/../../../../arm-atollic-eabi/lib/armv7e-m/fpu\libm.a(lib_a-s_cos.o) (__aeabi_dsub)
c:/program files (x86)/atollic/truestudio for stm32 9.0.1/armtools/bin/../lib/gcc/arm-atollic-eabi/6.3.1/armv7e-m/fpu\libgcc.a(_arm_muldivdf3.o)
                              src\EKF.o (__aeabi_dmul)
c:/program files (x86)/atollic/truestudio for stm32 9.0.1/armtools/bin/../lib/gcc/arm-atollic-eabi/6.3.1/armv7e-m/fpu\libgcc.a(_arm_cmpdf2.o)
[...]
Memory Configuration

Name             Origin             Length             Attributes
FLASH            0x08000000         0x00100000         xr
RAM              0x20000000         0x00020000         xrw
MEMORY_B1        0x60000000         0x00000000         xr
CCMRAM           0x10000000         0x00010000         rw
*default*        0x00000000         0xffffffff

Linker script and memory map

LOAD c:/program files (x86)/atollic/truestudio for stm32 9.0.1/armtools/bin/../lib/gcc/arm-atollic-eabi/6.3.1/armv7e-m/fpu/crti.o
LOAD c:/program files (x86)/atollic/truestudio for stm32 9.0.1/armtools/bin/../lib/gcc/arm-atollic-eabi/6.3.1/armv7e-m/fpu/crtbegin.o
LOAD Libraries\STM32F4xx_StdPeriph_Driver\src\misc.o
LOAD Libraries\STM32F4xx_StdPeriph_Driver\src\stm32f4xx_adc.o
LOAD Libraries\STM32F4xx_StdPeriph_Driver\src\stm32f4xx_can.o
LOAD Libraries\STM32F4xx_StdPeriph_Driver\src\stm32f4xx_crc.o
LOAD Libraries\STM32F4xx_StdPeriph_Driver\src\stm32f4xx_cryp.o
LOAD Libraries\STM32F4xx_StdPeriph_Driver\src\stm32f4xx_cryp_aes.o
LOAD Libraries\STM32F4xx_StdPeriph_Driver\src\stm32f4xx_cryp_des.o
LOAD Libraries\STM32F4xx_StdPeriph_Driver\src\stm32f4xx_cryp_tdes.o
LOAD Libraries\STM32F4xx_StdPeriph_Driver\src\stm32f4xx_dac.o
LOAD Libraries\STM32F4xx_StdPeriph_Driver\src\stm32f4xx_dbgmcu.o
LOAD Libraries\STM32F4xx_StdPeriph_Driver\src\stm32f4xx_dcmi.o
LOAD Libraries\STM32F4xx_StdPeriph_Driver\src\stm32f4xx_dma.o
LOAD Libraries\STM32F4xx_StdPeriph_Driver\src\stm32f4xx_exti.o
LOAD Libraries\STM32F4xx_StdPeriph_Driver\src\stm32f4xx_flash.o
LOAD Libraries\STM32F4xx_StdPeriph_Driver\src\stm32f4xx_fsmc.o
LOAD Libraries\STM32F4xx_StdPeriph_Driver\src\stm32f4xx_gpio.o
LOAD Libraries\STM32F4xx_StdPeriph_Driver\src\stm32f4xx_hash.o
LOAD Libraries\STM32F4xx_StdPeriph_Driver\src\stm32f4xx_hash_md5.o
LOAD Libraries\STM32F4xx_StdPeriph_Driver\src\stm32f4xx_hash_sha1.o
LOAD Libraries\STM32F4xx_StdPeriph_Driver\src\stm32f4xx_i2c.o
LOAD Libraries\STM32F4xx_StdPeriph_Driver\src\stm32f4xx_iwdg.o
LOAD Libraries\STM32F4xx_StdPeriph_Driver\src\stm32f4xx_pwr.o
LOAD Libraries\STM32F4xx_StdPeriph_Driver\src\stm32f4xx_rcc.o
LOAD Libraries\STM32F4xx_StdPeriph_Driver\src\stm32f4xx_rng.o
LOAD Libraries\STM32F4xx_StdPeriph_Driver\src\stm32f4xx_rtc.o
LOAD Libraries\STM32F4xx_StdPeriph_Driver\src\stm32f4xx_sdio.o
LOAD Libraries\STM32F4xx_StdPeriph_Driver\src\stm32f4xx_spi.o
LOAD Libraries\STM32F4xx_StdPeriph_Driver\src\stm32f4xx_syscfg.o
LOAD Libraries\STM32F4xx_StdPeriph_Driver\src\stm32f4xx_tim.o
LOAD Libraries\STM32F4xx_StdPeriph_Driver\src\stm32f4xx_usart.o
LOAD Libraries\STM32F4xx_StdPeriph_Driver\src\stm32f4xx_wwdg.o
LOAD Libraries\usb_cdc_device\usb_bsp.o
LOAD Libraries\usb_cdc_device\usb_core.o
LOAD Libraries\usb_cdc_device\usb_dcd.o
LOAD Libraries\usb_cdc_device\usb_dcd_int.o
LOAD Libraries\usb_cdc_device\usbd_cdc_core.o
LOAD Libraries\usb_cdc_device\usbd_cdc_vcp.o
LOAD Libraries\usb_cdc_device\usbd_core.o
LOAD Libraries\usb_cdc_device\usbd_desc.o
LOAD Libraries\usb_cdc_device\usbd_ioreq.o
LOAD Libraries\usb_cdc_device\usbd_req.o
LOAD Libraries\usb_cdc_device\usbd_usr.o
LOAD Utilities\STM32F4-Discovery\stm32f4_discovery.o
LOAD Utilities\STM32F4-Discovery\stm32f4_discovery_audio_codec.o
LOAD Utilities\STM32F4-Discovery\stm32f4_discovery_lis302dl.o
LOAD src\ADC.o
LOAD src\EKF.o
LOAD src\I2C.o
LOAD src\IMU.o
LOAD src\SPI.o
LOAD src\control.o
LOAD src\encoder.o
LOAD src\logger.o
LOAD src\main.o
LOAD src\motor.o
LOAD src\startup_stm32f40xx.o
LOAD src\stm32f4xx_it.o
LOAD src\system_stm32f4xx.o
LOAD src\tm_stm32f4_usb_vcp.o
                0x00000080                malloc_getpagesize_P = 0x80
START GROUP
LOAD c:/program files (x86)/atollic/truestudio for stm32 9.0.1/armtools/bin/../lib/gcc/arm-atollic-eabi/6.3.1/../../../../arm-atollic-eabi/lib/armv7e-m/fpu\libc_nano.a
LOAD c:/program files (x86)/atollic/truestudio for stm32 9.0.1/armtools/bin/../lib/gcc/arm-atollic-eabi/6.3.1/../../../../arm-atollic-eabi/lib/armv7e-m/fpu\libm.a
END GROUP
START GROUP
LOAD c:/program files (x86)/atollic/truestudio for stm32 9.0.1/armtools/bin/../lib/gcc/arm-atollic-eabi/6.3.1/armv7e-m/fpu\libgcc.a
LOAD c:/program files (x86)/atollic/truestudio for stm32 9.0.1/armtools/bin/../lib/gcc/arm-atollic-eabi/6.3.1/../../../../arm-atollic-eabi/lib/armv7e-m/fpu\libc_nano.a
END GROUP
START GROUP
LOAD c:/program files (x86)/atollic/truestudio for stm32 9.0.1/armtools/bin/../lib/gcc/arm-atollic-eabi/6.3.1/armv7e-m/fpu\libgcc.a
LOAD c:/program files (x86)/atollic/truestudio for stm32 9.0.1/armtools/bin/../lib/gcc/arm-atollic-eabi/6.3.1/../../../../arm-atollic-eabi/lib/armv7e-m/fpu\libc_nano.a
LOAD c:/program files (x86)/atollic/truestudio for stm32 9.0.1/armtools/bin/../lib/gcc/arm-atollic-eabi/6.3.1/../../../../arm-atollic-eabi/lib/armv7e-m/fpu\libnosys.a
END GROUP
START GROUP
LOAD c:/program files (x86)/atollic/truestudio for stm32 9.0.1/armtools/bin/../lib/gcc/arm-atollic-eabi/6.3.1/armv7e-m/fpu\libgcc.a
LOAD c:/program files (x86)/atollic/truestudio for stm32 9.0.1/armtools/bin/../lib/gcc/arm-atollic-eabi/6.3.1/../../../../arm-atollic-eabi/lib/armv7e-m/fpu\libc_nano.a
LOAD c:/program files (x86)/atollic/truestudio for stm32 9.0.1/armtools/bin/../lib/gcc/arm-atollic-eabi/6.3.1/../../../../arm-atollic-eabi/lib/armv7e-m/fpu\libnosys.a
END GROUP
LOAD c:/program files (x86)/atollic/truestudio for stm32 9.0.1/armtools/bin/../lib/gcc/arm-atollic-eabi/6.3.1/armv7e-m/fpu/crtend.o
LOAD c:/program files (x86)/atollic/truestudio for stm32 9.0.1/armtools/bin/../lib/gcc/arm-atollic-eabi/6.3.1/armv7e-m/fpu/crtn.o
                0x20020000                _estack = 0x20020000
                0x00000000                _Min_Heap_Size = 0x0
                0x00000400                _Min_Stack_Size = 0x400

.isr_vector     0x08000000      0x188
                0x08000000                . = ALIGN (0x4)
 *(.isr_vector)
 .isr_vector    0x08000000      0x188 src\startup_stm32f40xx.o
                0x08000000                g_pfnVectors
                0x08000188                . = ALIGN (0x4)

.text           0x08000188     0x5c88
                0x08000188                . = ALIGN (0x4)
 *(.text)
 .text          0x08000188       0x40 c:/program files (x86)/atollic/truestudio for stm32 9.0.1/armtools/bin/../lib/gcc/arm-atollic-eabi/6.3.1/armv7e-m/fpu/crtbegin.o
 *(.text*)
 .text.NVIC_PriorityGroupConfig
                0x080001c8       0x28 Libraries\STM32F4xx_StdPeriph_Driver\src\misc.o
                0x080001c8                NVIC_PriorityGroupConfig
 .text.NVIC_Init
                0x080001f0       0xc4 Libraries\STM32F4xx_StdPeriph_Driver\src\misc.o
                0x080001f0                NVIC_Init
 .text.ADC_DeInit
                0x080002b4       0x1c Libraries\STM32F4xx_StdPeriph_Driver\src\stm32f4xx_adc.o
                0x080002b4                ADC_DeInit
 .text.ADC_Init
                0x080002d0       0xac Libraries\STM32F4xx_StdPeriph_Driver\src\stm32f4xx_adc.o
                0x080002d0                ADC_Init
 .text.ADC_CommonInit
                0x0800037c       0x50 Libraries\STM32F4xx_StdPeriph_Driver\src\stm32f4xx_adc.o
                0x0800037c                ADC_CommonInit
 .text.ADC_Cmd  0x080003cc       0x38 Libraries\STM32F4xx_StdPeriph_Driver\src\stm32f4xx_adc.o
                0x080003cc                ADC_Cmd
 .text.ADC_RegularChannelConfig
                0x08000404      0x194 Libraries\STM32F4xx_StdPeriph_Driver\src\stm32f4xx_adc.o
                0x08000404                ADC_RegularChannelConfig
 .text.ADC_SoftwareStartConv
                0x08000598       0x20 Libraries\STM32F4xx_StdPeriph_Driver\src\stm32f4xx_adc.o
                0x08000598                ADC_SoftwareStartConv
 .text.ADC_GetConversionValue
                0x080005b8       0x1a Libraries\STM32F4xx_StdPeriph_Driver\src\stm32f4xx_adc.o
                0x080005b8                ADC_GetConversionValue
 .text.ADC_GetFlagStatus
                0x080005d2       0x34 Libraries\STM32F4xx_StdPeriph_Driver\src\stm32f4xx_adc.o
                0x080005d2                ADC_GetFlagStatus
 *fill*         0x08000606        0x2 
 .text.DAC_SetChannel1Data
                0x08000608       0x38 Libraries\STM32F4xx_StdPeriph_Driver\src\stm32f4xx_dac.o
                0x08000608                DAC_SetChannel1Data
 .text.DMA_Init
                0x08000640       0xb0 Libraries\STM32F4xx_StdPeriph_Driver\src\stm32f4xx_dma.o
                0x08000640                DMA_Init
 .text.DMA_Cmd  0x080006f0       0x38 Libraries\STM32F4xx_StdPeriph_Driver\src\stm32f4xx_dma.o
                0x080006f0                DMA_Cmd
 .text.DMA_GetCmdStatus
                0x08000728       0x30 Libraries\STM32F4xx_StdPeriph_Driver\src\stm32f4xx_dma.o
                0x08000728                DMA_GetCmdStatus
 .text.DMA_GetFlagStatus
                0x08000758       0x78 Libraries\STM32F4xx_StdPeriph_Driver\src\stm32f4xx_dma.o
                0x08000758                DMA_GetFlagStatus
 .text.DMA_ClearFlag
                0x080007d0       0x5c Libraries\STM32F4xx_StdPeriph_Driver\src\stm32f4xx_dma.o
                0x080007d0                DMA_ClearFlag
 .text.DMA_ITConfig
                0x0800082c       0x74 Libraries\STM32F4xx_StdPeriph_Driver\src\stm32f4xx_dma.o
                0x0800082c                DMA_ITConfig
 .text.DMA_ClearITPendingBit
                0x080008a0       0x5c Libraries\STM32F4xx_StdPeriph_Driver\src\stm32f4xx_dma.o
                0x080008a0                DMA_ClearITPendingBit
 .text.EXTI_ClearITPendingBit
                0x080008fc       0x20 Libraries\STM32F4xx_StdPeriph_Driver\src\stm32f4xx_exti.o
                0x080008fc                EXTI_ClearITPendingBit
 .text.GPIO_Init
                0x0800091c      0x11c Libraries\STM32F4xx_StdPeriph_Driver\src\stm32f4xx_gpio.o
                0x0800091c                GPIO_Init
 .text.GPIO_StructInit
                0x08000a38       0x34 Libraries\STM32F4xx_StdPeriph_Driver\src\stm32f4xx_gpio.o
                0x08000a38                GPIO_StructInit
 .text.GPIO_ReadInputDataBit
                0x08000a6c       0x34 Libraries\STM32F4xx_StdPeriph_Driver\src\stm32f4xx_gpio.o
                0x08000a6c                GPIO_ReadInputDataBit
 .text.GPIO_WriteBit
                0x08000aa0       0x30 Libraries\STM32F4xx_StdPeriph_Driver\src\stm32f4xx_gpio.o
                0x08000aa0                GPIO_WriteBit
 .text.GPIO_PinAFConfig
                0x08000ad0       0x92 Libraries\STM32F4xx_StdPeriph_Driver\src\stm32f4xx_gpio.o
                0x08000ad0                GPIO_PinAFConfig
 *fill*         0x08000b62        0x2 
 .text.RCC_GetClocksFreq
                0x08000b64      0x150 Libraries\STM32F4xx_StdPeriph_Driver\src\stm32f4xx_rcc.o
                0x08000b64                RCC_GetClocksFreq
 .text.RCC_AHB1PeriphClockCmd
                0x08000cb4       0x40 Libraries\STM32F4xx_StdPeriph_Driver\src\stm32f4xx_rcc.o
                0x08000cb4                RCC_AHB1PeriphClockCmd
 .text.RCC_AHB2PeriphClockCmd
                0x08000cf4       0x40 Libraries\STM32F4xx_StdPeriph_Driver\src\stm32f4xx_rcc.o
                0x08000cf4                RCC_AHB2PeriphClockCmd
 .text.RCC_APB1PeriphClockCmd
                0x08000d34       0x40 Libraries\STM32F4xx_StdPeriph_Driver\src\stm32f4xx_rcc.o
                0x08000d34                RCC_APB1PeriphClockCmd
 .text.RCC_APB2PeriphClockCmd
                0x08000d74       0x40 Libraries\STM32F4xx_StdPeriph_Driver\src\stm32f4xx_rcc.o
                0x08000d74                RCC_APB2PeriphClockCmd
 .text.RCC_APB2PeriphResetCmd
                0x08000db4       0x40 Libraries\STM32F4xx_StdPeriph_Driver\src\stm32f4xx_rcc.o
                0x08000db4                RCC_APB2PeriphResetCmd
 .text.SPI_Init
                0x08000df4       0x88 Libraries\STM32F4xx_StdPeriph_Driver\src\stm32f4xx_spi.o
                0x08000df4                SPI_Init
 .text.SPI_Cmd  0x08000e7c       0x40 Libraries\STM32F4xx_StdPeriph_Driver\src\stm32f4xx_spi.o
                0x08000e7c                SPI_Cmd
 .text.SPI_I2S_ReceiveData
                0x08000ebc       0x1a Libraries\STM32F4xx_StdPeriph_Driver\src\stm32f4xx_spi.o
                0x08000ebc                SPI_I2S_ReceiveData
 .text.SPI_I2S_SendData
                0x08000ed6       0x1e Libraries\STM32F4xx_StdPeriph_Driver\src\stm32f4xx_spi.o
                0x08000ed6                SPI_I2S_SendData
 .text.SPI_I2S_GetFlagStatus
                0x08000ef4       0x38 Libraries\STM32F4xx_StdPeriph_Driver\src\stm32f4xx_spi.o
                0x08000ef4                SPI_I2S_GetFlagStatus
 .text.TIM_TimeBaseInit
                0x08000f2c       0xd8 Libraries\STM32F4xx_StdPeriph_Driver\src\stm32f4xx_tim.o
                0x08000f2c                TIM_TimeBaseInit
 .text.TIM_TimeBaseStructInit
                0x08001004       0x34 Libraries\STM32F4xx_StdPeriph_Driver\src\stm32f4xx_tim.o
                0x08001004                TIM_TimeBaseStructInit
 .text.TIM_SetCounter
                0x08001038       0x1c Libraries\STM32F4xx_StdPeriph_Driver\src\stm32f4xx_tim.o
                0x08001038                TIM_SetCounter
 .text.TIM_GetCounter
                0x08001054       0x18 Libraries\STM32F4xx_StdPeriph_Driver\src\stm32f4xx_tim.o
                0x08001054                TIM_GetCounter
 .text.TIM_Cmd  0x0800106c       0x40 Libraries\STM32F4xx_StdPeriph_Driver\src\stm32f4xx_tim.o
                0x0800106c                TIM_Cmd
 .text.TIM_OC1Init
                0x080010ac       0xf4 Libraries\STM32F4xx_StdPeriph_Driver\src\stm32f4xx_tim.o
                0x080010ac                TIM_OC1Init
 .text.TIM_OC1PreloadConfig
                0x080011a0       0x38 Libraries\STM32F4xx_StdPeriph_Driver\src\stm32f4xx_tim.o
                0x080011a0                TIM_OC1PreloadConfig
 .text.TIM_ITConfig
                0x080011d8       0x48 Libraries\STM32F4xx_StdPeriph_Driver\src\stm32f4xx_tim.o
                0x080011d8                TIM_ITConfig
 .text.TIM_ClearITPendingBit
                0x08001220       0x22 Libraries\STM32F4xx_StdPeriph_Driver\src\stm32f4xx_tim.o
                0x08001220                TIM_ClearITPendingBit
 .text.TIM_EncoderInterfaceConfig
                0x08001242       0x98 Libraries\STM32F4xx_StdPeriph_Driver\src\stm32f4xx_tim.o
                0x08001242                TIM_EncoderInterfaceConfig
 *fill*         0x080012da        0x2 
 .text.USART_Init
                0x080012dc      0x174 Libraries\STM32F4xx_StdPeriph_Driver\src\stm32f4xx_usart.o
                0x080012dc                USART_Init
 .text.USART_Cmd
                0x08001450       0x40 Libraries\STM32F4xx_StdPeriph_Driver\src\stm32f4xx_usart.o
                0x08001450                USART_Cmd
 .text.USART_DMACmd
                0x08001490       0x48 Libraries\STM32F4xx_StdPeriph_Driver\src\stm32f4xx_usart.o
                0x08001490                USART_DMACmd
 .text.USB_OTG_BSP_Init
                0x080014d8       0xb0 Libraries\usb_cdc_device\usb_bsp.o
                0x080014d8                USB_OTG_BSP_Init
 .text.USB_OTG_BSP_EnableInterrupt
                0x08001588       0x32 Libraries\usb_cdc_device\usb_bsp.o
                0x08001588                USB_OTG_BSP_EnableInterrupt
 *fill*         0x080015ba        0x2 
 .text.USB_OTG_BSP_uDelay
                0x080015bc       0x48 Libraries\usb_cdc_device\usb_bsp.o
                0x080015bc                USB_OTG_BSP_uDelay
 .text.USB_OTG_BSP_mDelay
                0x08001604       0x20 Libraries\usb_cdc_device\usb_bsp.o
                0x08001604                USB_OTG_BSP_mDelay
 .text.OTG_FS_WKUP_IRQHandler
                0x08001624       0x10 Libraries\usb_cdc_device\usb_bsp.o
                0x08001624                OTG_FS_WKUP_IRQHandler
 .text.OTG_FS_IRQHandler
                0x08001634       0x14 Libraries\usb_cdc_device\usb_bsp.o
                0x08001634                OTG_FS_IRQHandler
 .text.USB_OTG_EnableCommonInt
                0x08001648       0x44 Libraries\usb_cdc_device\usb_core.o
 .text.USB_OTG_CoreReset
                0x0800168c       0x90 Libraries\usb_cdc_device\usb_core.o
 .text.USB_OTG_WritePacket
                0x0800171c       0x76 Libraries\usb_cdc_device\usb_core.o
                0x0800171c                USB_OTG_WritePacket
 .text.USB_OTG_ReadPacket
                0x08001792       0x58 Libraries\usb_cdc_device\usb_core.o
                0x08001792                USB_OTG_ReadPacket
 *fill*         0x080017ea        0x2 
 .text.USB_OTG_SelectCore
                0x080017ec      0x174 Libraries\usb_cdc_device\usb_core.o
                0x080017ec                USB_OTG_SelectCore
 .text.USB_OTG_CoreInit
                0x08001960      0x13a Libraries\usb_cdc_device\usb_core.o
                0x08001960                USB_OTG_CoreInit
 .text.USB_OTG_EnableGlobalInt
                0x08001a9a       0x36 Libraries\usb_cdc_device\usb_core.o
                0x08001a9a                USB_OTG_EnableGlobalInt
 .text.USB_OTG_DisableGlobalInt
                0x08001ad0       0x38 Libraries\usb_cdc_device\usb_core.o
                0x08001ad0                USB_OTG_DisableGlobalInt
 .text.USB_OTG_FlushTxFifo
                0x08001b08       0x74 Libraries\usb_cdc_device\usb_core.o
                0x08001b08                USB_OTG_FlushTxFifo
 .text.USB_OTG_FlushRxFifo
                0x08001b7c       0x60 Libraries\usb_cdc_device\usb_core.o
                0x08001b7c                USB_OTG_FlushRxFifo
 .text.USB_OTG_SetCurrentMode
                0x08001bdc       0x5e Libraries\usb_cdc_device\usb_core.o
                0x08001bdc                USB_OTG_SetCurrentMode
 .text.USB_OTG_GetMode
                0x08001c3a       0x1e Libraries\usb_cdc_device\usb_core.o
                0x08001c3a                USB_OTG_GetMode
 .text.USB_OTG_IsDeviceMode
                0x08001c58       0x22 Libraries\usb_cdc_device\usb_core.o
                0x08001c58                USB_OTG_IsDeviceMode
 .text.USB_OTG_ReadCoreItr
                0x08001c7a       0x2e Libraries\usb_cdc_device\usb_core.o
                0x08001c7a                USB_OTG_ReadCoreItr
 .text.USB_OTG_InitDevSpeed
                0x08001ca8       0x38 Libraries\usb_cdc_device\usb_core.o
                0x08001ca8                USB_OTG_InitDevSpeed
 .text.USB_OTG_CoreInitDev
                0x08001ce0      0x262 Libraries\usb_cdc_device\usb_core.o
                0x08001ce0                USB_OTG_CoreInitDev
 .text.USB_OTG_EnableDevInt
                0x08001f42       0x98 Libraries\usb_cdc_device\usb_core.o
                0x08001f42                USB_OTG_EnableDevInt
 .text.USB_OTG_GetDeviceSpeed
                0x08001fda       0x48 Libraries\usb_cdc_device\usb_core.o
                0x08001fda                USB_OTG_GetDeviceSpeed
 .text.USB_OTG_EP0Activate
                0x08002022       0x76 Libraries\usb_cdc_device\usb_core.o
                0x08002022                USB_OTG_EP0Activate
 .text.USB_OTG_EPActivate
                0x08002098       0xdc Libraries\usb_cdc_device\usb_core.o
                0x08002098                USB_OTG_EPActivate
 .text.USB_OTG_EPDeactivate
                0x08002174       0x8a Libraries\usb_cdc_device\usb_core.o
                0x08002174                USB_OTG_EPDeactivate
 .text.USB_OTG_EPStartXfer
                0x080021fe      0x280 Libraries\usb_cdc_device\usb_core.o
                0x080021fe                USB_OTG_EPStartXfer
 .text.USB_OTG_EP0StartXfer
                0x0800247e      0x1d4 Libraries\usb_cdc_device\usb_core.o
                0x0800247e                USB_OTG_EP0StartXfer
 .text.USB_OTG_EPSetStall
                0x08002652       0x86 Libraries\usb_cdc_device\usb_core.o
                0x08002652                USB_OTG_EPSetStall
 .text.USB_OTG_EPClearStall
                0x080026d8       0x76 Libraries\usb_cdc_device\usb_core.o
                0x080026d8                USB_OTG_EPClearStall
 .text.USB_OTG_ReadDevAllOutEp_itr
                0x0800274e       0x2c Libraries\usb_cdc_device\usb_core.o
                0x0800274e                USB_OTG_ReadDevAllOutEp_itr
 .text.USB_OTG_ReadDevOutEP_itr
                0x0800277a       0x36 Libraries\usb_cdc_device\usb_core.o
                0x0800277a                USB_OTG_ReadDevOutEP_itr
 .text.USB_OTG_ReadDevAllInEPItr
                0x080027b0       0x2c Libraries\usb_cdc_device\usb_core.o
                0x080027b0                USB_OTG_ReadDevAllInEPItr
 .text.USB_OTG_EP0_OutStart
                0x080027dc       0x72 Libraries\usb_cdc_device\usb_core.o
                0x080027dc                USB_OTG_EP0_OutStart
 .text.DCD_Init
                0x0800284e      0x106 Libraries\usb_cdc_device\usb_dcd.o
                0x0800284e                DCD_Init
 .text.DCD_EP_Open
                0x08002954       0xb0 Libraries\usb_cdc_device\usb_dcd.o
                0x08002954                DCD_EP_Open
 .text.DCD_EP_Close
                0x08002a04       0x78 Libraries\usb_cdc_device\usb_dcd.o
                0x08002a04                DCD_EP_Close
 .text.DCD_EP_PrepareRx
                0x08002a7c       0x84 Libraries\usb_cdc_device\usb_dcd.o
                0x08002a7c                DCD_EP_PrepareRx
 .text.DCD_EP_Tx
                0x08002b00       0x78 Libraries\usb_cdc_device\usb_dcd.o
                0x08002b00                DCD_EP_Tx
 .text.DCD_EP_Stall
                0x08002b78       0x7a Libraries\usb_cdc_device\usb_dcd.o
                0x08002b78                DCD_EP_Stall
 .text.DCD_EP_ClrStall
                0x08002bf2       0x7a Libraries\usb_cdc_device\usb_dcd.o
                0x08002bf2                DCD_EP_ClrStall
 .text.DCD_EP_SetAddress
                0x08002c6c       0x3c Libraries\usb_cdc_device\usb_dcd.o
                0x08002c6c                DCD_EP_SetAddress
 .text.USBD_OTG_ISR_Handler
                0x08002ca8      0x15c Libraries\usb_cdc_device\usb_dcd_int.o
                0x08002ca8                USBD_OTG_ISR_Handler
 .text.DCD_HandleResume_ISR
                0x08002e04       0x80 Libraries\usb_cdc_device\usb_dcd_int.o
 .text.DCD_HandleUSBSuspend_ISR
                0x08002e84       0xbc Libraries\usb_cdc_device\usb_dcd_int.o
 .text.DCD_HandleInEP_ISR
                0x08002f40      0x19c Libraries\usb_cdc_device\usb_dcd_int.o
 .text.DCD_HandleOutEP_ISR
                0x080030dc      0x150 Libraries\usb_cdc_device\usb_dcd_int.o
 .text.DCD_HandleSof_ISR
                0x0800322c       0x34 Libraries\usb_cdc_device\usb_dcd_int.o
 .text.DCD_HandleRxStatusQueueLevel_ISR
                0x08003260      0x104 Libraries\usb_cdc_device\usb_dcd_int.o
 .text.DCD_WriteEmptyTxFifo
                0x08003364       0xe4 Libraries\usb_cdc_device\usb_dcd_int.o
 .text.DCD_HandleUsbReset_ISR
                0x08003448      0x120 Libraries\usb_cdc_device\usb_dcd_int.o
 .text.DCD_HandleEnumDone_ISR
                0x08003568       0x78 Libraries\usb_cdc_device\usb_dcd_int.o
 .text.DCD_IsoINIncomplete_ISR
                0x080035e0       0x34 Libraries\usb_cdc_device\usb_dcd_int.o
 .text.DCD_IsoOUTIncomplete_ISR
                0x08003614       0x34 Libraries\usb_cdc_device\usb_dcd_int.o
 .text.DCD_ReadDevInEP
                0x08003648       0x50 Libraries\usb_cdc_device\usb_dcd_int.o
 .text.usbd_cdc_Init
                0x08003698       0x6c Libraries\usb_cdc_device\usbd_cdc_core.o
 .text.usbd_cdc_DeInit
                0x08003704       0x38 Libraries\usb_cdc_device\usbd_cdc_core.o
 .text.usbd_cdc_Setup
                0x0800373c      0x128 Libraries\usb_cdc_device\usbd_cdc_core.o
 .text.usbd_cdc_EP0_RxReady
                0x08003864       0x40 Libraries\usb_cdc_device\usbd_cdc_core.o
 .text.usbd_cdc_DataIn
                0x080038a4       0x98 Libraries\usb_cdc_device\usbd_cdc_core.o
 .text.usbd_cdc_DataOut
                0x0800393c       0x4c Libraries\usb_cdc_device\usbd_cdc_core.o
 .text.usbd_cdc_SOF
                0x08003988       0x30 Libraries\usb_cdc_device\usbd_cdc_core.o
 .text.Handle_USBAsynchXfer
                0x080039b8       0xd4 Libraries\usb_cdc_device\usbd_cdc_core.o
 .text.USBD_cdc_GetCfgDesc
                0x08003a8c       0x24 Libraries\usb_cdc_device\usbd_cdc_core.o
 .text.VCP_Init
                0x08003ab0       0x10 Libraries\usb_cdc_device\usbd_cdc_vcp.o
 .text.VCP_DeInit
                0x08003ac0       0x10 Libraries\usb_cdc_device\usbd_cdc_vcp.o
 .text.VCP_Ctrl
                0x08003ad0      0x160 Libraries\usb_cdc_device\usbd_cdc_vcp.o
 .text.VCP_DataTx
                0x08003c30       0x60 Libraries\usb_cdc_device\usbd_cdc_vcp.o
                0x08003c30                VCP_DataTx
 .text.VCP_DataRx
                0x08003c90       0x36 Libraries\usb_cdc_device\usbd_cdc_vcp.o
                0x08003c90                VCP_DataRx
 .text.USBD_Init
                0x08003cc6       0x56 Libraries\usb_cdc_device\usbd_core.o
                0x08003cc6                USBD_Init
 .text.USBD_DeInit
                0x08003d1c       0x16 Libraries\usb_cdc_device\usbd_core.o
                0x08003d1c                USBD_DeInit
 .text.USBD_SetupStage
                0x08003d32       0x6c Libraries\usb_cdc_device\usbd_core.o
 .text.USBD_DataOutStage
                0x08003d9e       0xcc Libraries\usb_cdc_device\usbd_core.o
 .text.USBD_DataInStage
                0x08003e6a      0x11a Libraries\usb_cdc_device\usbd_core.o
 .text.USBD_RunTestMode
                0x08003f84       0x24 Libraries\usb_cdc_device\usbd_core.o
 .text.USBD_Reset
                0x08003fa8       0x42 Libraries\usb_cdc_device\usbd_core.o
 .text.USBD_Resume
                0x08003fea       0x30 Libraries\usb_cdc_device\usbd_core.o
 .text.USBD_Suspend
                0x0800401a       0x30 Libraries\usb_cdc_device\usbd_core.o
 .text.USBD_SOF
                0x0800404a       0x2a Libraries\usb_cdc_device\usbd_core.o
 .text.USBD_SetCfg
                0x08004074       0x30 Libraries\usb_cdc_device\usbd_core.o
                0x08004074                USBD_SetCfg
 .text.USBD_ClrCfg
                0x080040a4       0x26 Libraries\usb_cdc_device\usbd_core.o
                0x080040a4                USBD_ClrCfg
 .text.USBD_IsoINIncomplete
                0x080040ca       0x1e Libraries\usb_cdc_device\usbd_core.o
 .text.USBD_IsoOUTIncomplete
                0x080040e8       0x1e Libraries\usb_cdc_device\usbd_core.o
 *fill*         0x08004106        0x2 
 .text.USBD_USR_DeviceDescriptor
                0x08004108       0x24 Libraries\usb_cdc_device\usbd_desc.o
                0x08004108                USBD_USR_DeviceDescriptor
 .text.USBD_USR_LangIDStrDescriptor
                0x0800412c       0x24 Libraries\usb_cdc_device\usbd_desc.o
                0x0800412c                USBD_USR_LangIDStrDescriptor
 .text.USBD_USR_ProductStrDescriptor
                0x08004150       0x28 Libraries\usb_cdc_device\usbd_desc.o
                0x08004150                USBD_USR_ProductStrDescriptor
 .text.USBD_USR_ManufacturerStrDescriptor
                0x08004178       0x28 Libraries\usb_cdc_device\usbd_desc.o
                0x08004178                USBD_USR_ManufacturerStrDescriptor
 .text.USBD_USR_SerialStrDescriptor
                0x080041a0       0x28 Libraries\usb_cdc_device\usbd_desc.o
                0x080041a0                USBD_USR_SerialStrDescriptor
 .text.USBD_USR_ConfigStrDescriptor
                0x080041c8       0x28 Libraries\usb_cdc_device\usbd_desc.o
                0x080041c8                USBD_USR_ConfigStrDescriptor
 .text.USBD_USR_InterfaceStrDescriptor
                0x080041f0       0x28 Libraries\usb_cdc_device\usbd_desc.o
                0x080041f0                USBD_USR_InterfaceStrDescriptor
 .text.USBD_CtlSendData
                0x08004218       0x40 Libraries\usb_cdc_device\usbd_ioreq.o
                0x08004218                USBD_CtlSendData
 .text.USBD_CtlContinueSendData
                0x08004258       0x28 Libraries\usb_cdc_device\usbd_ioreq.o
                0x08004258                USBD_CtlContinueSendData
 .text.USBD_CtlPrepareRx
                0x08004280       0x40 Libraries\usb_cdc_device\usbd_ioreq.o
                0x08004280                USBD_CtlPrepareRx
 .text.USBD_CtlContinueRx
                0x080042c0       0x28 Libraries\usb_cdc_device\usbd_ioreq.o
                0x080042c0                USBD_CtlContinueRx
 .text.USBD_CtlSendStatus
                0x080042e8       0x30 Libraries\usb_cdc_device\usbd_ioreq.o
                0x080042e8                USBD_CtlSendStatus
 .text.USBD_CtlReceiveStatus
                0x08004318       0x30 Libraries\usb_cdc_device\usbd_ioreq.o
                0x08004318                USBD_CtlReceiveStatus
 .text.USBD_StdDevReq
                0x08004348       0xa0 Libraries\usb_cdc_device\usbd_req.o
                0x08004348                USBD_StdDevReq
 .text.USBD_StdItfReq
                0x080043e8       0x66 Libraries\usb_cdc_device\usbd_req.o
                0x080043e8                USBD_StdItfReq
 *fill*         0x0800444e        0x2 
 .text.USBD_StdEPReq
                0x08004450      0x1b0 Libraries\usb_cdc_device\usbd_req.o
                0x08004450                USBD_StdEPReq
 .text.USBD_GetDescriptor
                0x08004600      0x1a8 Libraries\usb_cdc_device\usbd_req.o
 .text.USBD_SetAddress
                0x080047a8       0x7c Libraries\usb_cdc_device\usbd_req.o
 .text.USBD_SetConfig
                0x08004824       0xf4 Libraries\usb_cdc_device\usbd_req.o
 .text.USBD_GetConfig
                0x08004918       0x60 Libraries\usb_cdc_device\usbd_req.o
 .text.USBD_GetStatus
                0x08004978       0x54 Libraries\usb_cdc_device\usbd_req.o
 .text.USBD_SetFeature
                0x080049cc       0xd8 Libraries\usb_cdc_device\usbd_req.o
 .text.USBD_ClrFeature
                0x08004aa4       0x50 Libraries\usb_cdc_device\usbd_req.o
 .text.USBD_ParseSetupRequest
                0x08004af4       0x92 Libraries\usb_cdc_device\usbd_req.o
                0x08004af4                USBD_ParseSetupRequest
 .text.USBD_CtlError
                0x08004b86       0x28 Libraries\usb_cdc_device\usbd_req.o
                0x08004b86                USBD_CtlError
 .text.USBD_GetString
                0x08004bae       0x86 Libraries\usb_cdc_device\usbd_req.o
                0x08004bae                USBD_GetString
 .text.USBD_GetLen
                0x08004c34       0x30 Libraries\usb_cdc_device\usbd_req.o
 .text.USBD_USR_Init
                0x08004c64       0x18 Libraries\usb_cdc_device\usbd_usr.o
                0x08004c64                USBD_USR_Init
 .text.USBD_USR_DeviceReset
                0x08004c7c       0x20 Libraries\usb_cdc_device\usbd_usr.o
                0x08004c7c                USBD_USR_DeviceReset
 .text.USBD_USR_DeviceConfigured
                0x08004c9c       0x18 Libraries\usb_cdc_device\usbd_usr.o
                0x08004c9c                USBD_USR_DeviceConfigured
 .text.USBD_USR_DeviceSuspended
                0x08004cb4       0x18 Libraries\usb_cdc_device\usbd_usr.o
                0x08004cb4                USBD_USR_DeviceSuspended
 .text.USBD_USR_DeviceResumed
                0x08004ccc       0x18 Libraries\usb_cdc_device\usbd_usr.o
                0x08004ccc                USBD_USR_DeviceResumed
 .text.USBD_USR_DeviceConnected
                0x08004ce4       0x18 Libraries\usb_cdc_device\usbd_usr.o
                0x08004ce4                USBD_USR_DeviceConnected
 .text.USBD_USR_DeviceDisconnected
                0x08004cfc       0x18 Libraries\usb_cdc_device\usbd_usr.o
                0x08004cfc                USBD_USR_DeviceDisconnected
 .text.Audio_MAL_IRQHandler
                0x08004d14      0x100 Utilities\STM32F4-Discovery\stm32f4_discovery_audio_codec.o
 .text.DMA1_Stream7_IRQHandler
                0x08004e14        0xc Utilities\STM32F4-Discovery\stm32f4_discovery_audio_codec.o
                0x08004e14                DMA1_Stream7_IRQHandler
 .text.DMA1_Stream0_IRQHandler
                0x08004e20        0xc Utilities\STM32F4-Discovery\stm32f4_discovery_audio_codec.o
                0x08004e20                DMA1_Stream0_IRQHandler
 .text.SPI3_IRQHandler
                0x08004e2c       0x44 Utilities\STM32F4-Discovery\stm32f4_discovery_audio_codec.o
                0x08004e2c                SPI3_IRQHandler
 .text.initADC  0x08004e70       0x9c src\ADC.o
                0x08004e70                initADC
 .text.readADC  0x08004f0c       0x2c src\ADC.o
                0x08004f0c                readADC
 .text.initSPI  0x08004f38      0x154 src\SPI.o
                0x08004f38                initSPI
 .text.readSingleSPI
                0x0800508c       0xc0 src\SPI.o
                0x0800508c                readSingleSPI
 .text.readMultipleSPI
                0x0800514c       0xd0 src\SPI.o
                0x0800514c                readMultipleSPI
 .text.writeSPI
                0x0800521c       0xc4 src\SPI.o
                0x0800521c                writeSPI
 .text.swap     0x080052e0       0x52 src\SPI.o
                0x080052e0                swap
 *fill*         0x08005332        0x2 
 .text.TIM7_INIT
                0x08005334       0x60 src\control.o
                0x08005334                TIM7_INIT
 .text.TIM7_NVIC_Init
                0x08005394       0x26 src\control.o
                0x08005394                TIM7_NVIC_Init
 *fill*         0x080053ba        0x2 
 .text.TIM7_IRQHandler
                0x080053bc       0x20 src\control.o
                0x080053bc                TIM7_IRQHandler
 .text.start    0x080053dc       0x18 src\control.o
                0x080053dc                start
 .text.reset    0x080053f4       0x18 src\control.o
                0x080053f4                reset
 .text.ENCODER_Init
                0x0800540c       0xb8 src\encoder.o
                0x0800540c                ENCODER_Init
 .text.loggingInit
                0x080054c4      0x148 src\logger.o
                0x080054c4                loggingInit
 .text.DMA2_Stream7_IRQHandler
                0x0800560c       0x20 src\logger.o
                0x0800560c                DMA2_Stream7_IRQHandler
 .text.serialTerminal_packetize
                0x0800562c      0x122 src\logger.o
                0x0800562c                serialTerminal_packetize
 *fill*         0x0800574e        0x2 
 .text.main     0x08005750      0x24c src\main.o
                0x08005750                main
 .text.EVAL_AUDIO_TransferComplete_CallBack
                0x0800599c       0x16 src\main.o
                0x0800599c                EVAL_AUDIO_TransferComplete_CallBack
 .text.EVAL_AUDIO_GetSampleCallBack
                0x080059b2       0x12 src\main.o
                0x080059b2                EVAL_AUDIO_GetSampleCallBack
 .text.PWM_Init
                0x080059c4       0xd0 src\motor.o
                0x080059c4                PWM_Init
 .text.setDutyCycle
                0x08005a94       0x28 src\motor.o
                0x08005a94                setDutyCycle
 .text.Reset_Handler
                0x08005abc       0x50 src\startup_stm32f40xx.o
                0x08005abc                Reset_Handler
 .text.Default_Handler
                0x08005b0c        0x2 src\startup_stm32f40xx.o
                0x08005b0c                RTC_Alarm_IRQHandler
                0x08005b0c                HASH_RNG_IRQHandler
                0x08005b0c                EXTI2_IRQHandler
                0x08005b0c                TIM8_CC_IRQHandler
                0x08005b0c                TIM1_CC_IRQHandler
                0x08005b0c                DMA2_Stream5_IRQHandler
                0x08005b0c                DMA1_Stream5_IRQHandler
                0x08005b0c                PVD_IRQHandler
                0x08005b0c                SDIO_IRQHandler
                0x08005b0c                TAMP_STAMP_IRQHandler
                0x08005b0c                CAN2_RX1_IRQHandler
                0x08005b0c                EXTI3_IRQHandler
                0x08005b0c                TIM8_TRG_COM_TIM14_IRQHandler
                0x08005b0c                TIM1_UP_TIM10_IRQHandler
                0x08005b0c                TIM8_UP_TIM13_IRQHandler
                0x08005b0c                I2C3_ER_IRQHandler
                0x08005b0c                EXTI0_IRQHandler
                0x08005b0c                I2C2_EV_IRQHandler
                0x08005b0c                DMA1_Stream2_IRQHandler
                0x08005b0c                CAN1_RX0_IRQHandler
                0x08005b0c                FPU_IRQHandler
                0x08005b0c                OTG_HS_WKUP_IRQHandler
                0x08005b0c                CAN2_SCE_IRQHandler
                0x08005b0c                DMA2_Stream2_IRQHandler
                0x08005b0c                SPI1_IRQHandler
                0x08005b0c                TIM6_DAC_IRQHandler
                0x08005b0c                TIM1_BRK_TIM9_IRQHandler
                0x08005b0c                DCMI_IRQHandler
                0x08005b0c                CAN2_RX0_IRQHandler
                0x08005b0c                DMA2_Stream3_IRQHandler
                0x08005b0c                USART6_IRQHandler
                0x08005b0c                USART3_IRQHandler
                0x08005b0c                CRYP_IRQHandler
                0x08005b0c                CAN1_RX1_IRQHandler
                0x08005b0c                UART5_IRQHandler
                0x08005b0c                DMA2_Stream0_IRQHandler
                0x08005b0c                TIM4_IRQHandler
                0x08005b0c                I2C1_EV_IRQHandler
                0x08005b0c                DMA1_Stream6_IRQHandler
                0x08005b0c                DMA1_Stream1_IRQHandler
                0x08005b0c                UART4_IRQHandler
                0x08005b0c                TIM3_IRQHandler
                0x08005b0c                RCC_IRQHandler
                0x08005b0c                TIM8_BRK_TIM12_IRQHandler
                0x08005b0c                Default_Handler
                0x08005b0c                EXTI15_10_IRQHandler
                0x08005b0c                ADC_IRQHandler
                0x08005b0c                CAN2_TX_IRQHandler
                0x08005b0c                TIM5_IRQHandler
                0x08005b0c                I2C3_EV_IRQHandler
                0x08005b0c                EXTI9_5_IRQHandler
                0x08005b0c                RTC_WKUP_IRQHandler
                0x08005b0c                ETH_WKUP_IRQHandler
                0x08005b0c                SPI2_IRQHandler
                0x08005b0c                OTG_HS_EP1_IN_IRQHandler
                0x08005b0c                CAN1_TX_IRQHandler
                0x08005b0c                EXTI4_IRQHandler
                0x08005b0c                FSMC_IRQHandler
                0x08005b0c                ETH_IRQHandler
                0x08005b0c                OTG_HS_EP1_OUT_IRQHandler
                0x08005b0c                WWDG_IRQHandler
                0x08005b0c                TIM2_IRQHandler
                0x08005b0c                TIM1_TRG_COM_TIM11_IRQHandler
                0x08005b0c                OTG_HS_IRQHandler
                0x08005b0c                EXTI1_IRQHandler
                0x08005b0c                USART2_IRQHandler
                0x08005b0c                I2C2_ER_IRQHandler
                0x08005b0c                DMA2_Stream1_IRQHandler
                0x08005b0c                CAN1_SCE_IRQHandler
                0x08005b0c                FLASH_IRQHandler
                0x08005b0c                DMA2_Stream4_IRQHandler
                0x08005b0c                USART1_IRQHandler
                0x08005b0c                DMA1_Stream4_IRQHandler
                0x08005b0c                I2C1_ER_IRQHandler
                0x08005b0c                DMA2_Stream6_IRQHandler
                0x08005b0c                DMA1_Stream3_IRQHandler
 .text.NMI_Handler
                0x08005b0e        0xe src\stm32f4xx_it.o
                0x08005b0e                NMI_Handler
 .text.HardFault_Handler
                0x08005b1c        0x6 src\stm32f4xx_it.o
                0x08005b1c                HardFault_Handler
 .text.MemManage_Handler
                0x08005b22        0x6 src\stm32f4xx_it.o
                0x08005b22                MemManage_Handler
 .text.BusFault_Handler
                0x08005b28        0x6 src\stm32f4xx_it.o
                0x08005b28                BusFault_Handler
 .text.UsageFault_Handler
                0x08005b2e        0x6 src\stm32f4xx_it.o
                0x08005b2e                UsageFault_Handler
 .text.SVC_Handler
                0x08005b34        0xe src\stm32f4xx_it.o
                0x08005b34                SVC_Handler
 .text.DebugMon_Handler
                0x08005b42        0xe src\stm32f4xx_it.o
                0x08005b42                DebugMon_Handler
 .text.PendSV_Handler
                0x08005b50        0xe src\stm32f4xx_it.o
                0x08005b50                PendSV_Handler
 .text.SysTick_Handler
                0x08005b5e        0xe src\stm32f4xx_it.o
                0x08005b5e                SysTick_Handler
 .text.SystemInit
                0x08005b6c       0x6c src\system_stm32f4xx.o
                0x08005b6c                SystemInit
 .text.SetSysClock
                0x08005bd8       0xf8 src\system_stm32f4xx.o
 .text.TM_USB_VCP_Init
                0x08005cd0       0x58 src\tm_stm32f4_usb_vcp.o
                0x08005cd0                TM_USB_VCP_Init
 .text.TM_USB_VCP_Send
                0x08005d28       0x1c src\tm_stm32f4_usb_vcp.o
                0x08005d28                TM_USB_VCP_Send
 .text.TM_INT_USB_VCP_AddReceived
                0x08005d44       0x5c src\tm_stm32f4_usb_vcp.o
                0x08005d44                TM_INT_USB_VCP_AddReceived
 .text.__libc_init_array
                0x08005da0       0x48 c:/program files (x86)/atollic/truestudio for stm32 9.0.1/armtools/bin/../lib/gcc/arm-atollic-eabi/6.3.1/../../../../arm-atollic-eabi/lib/armv7e-m/fpu\libc_nano.a(lib_a-init.o)
                0x08005da0                __libc_init_array
 .text.memset   0x08005de8       0x10 c:/program files (x86)/atollic/truestudio for stm32 9.0.1/armtools/bin/../lib/gcc/arm-atollic-eabi/6.3.1/../../../../arm-atollic-eabi/lib/armv7e-m/fpu\libc_nano.a(lib_a-memset.o)
                0x08005de8                memset
 *(.glue_7)
 .glue_7        0x08005df8        0x0 linker stubs
 *(.glue_7t)
 .glue_7t       0x08005df8        0x0 linker stubs
 *(.eh_frame)
 .eh_frame      0x08005df8        0x0 c:/program files (x86)/atollic/truestudio for stm32 9.0.1/armtools/bin/../lib/gcc/arm-atollic-eabi/6.3.1/armv7e-m/fpu/crtbegin.o
 *(.init)
 .init          0x08005df8        0x4 c:/program files (x86)/atollic/truestudio for stm32 9.0.1/armtools/bin/../lib/gcc/arm-atollic-eabi/6.3.1/armv7e-m/fpu/crti.o
                0x08005df8                _init
 .init          0x08005dfc        0x8 c:/program files (x86)/atollic/truestudio for stm32 9.0.1/armtools/bin/../lib/gcc/arm-atollic-eabi/6.3.1/armv7e-m/fpu/crtn.o
 *(.fini)
 .fini          0x08005e04        0x4 c:/program files (x86)/atollic/truestudio for stm32 9.0.1/armtools/bin/../lib/gcc/arm-atollic-eabi/6.3.1/armv7e-m/fpu/crti.o
                0x08005e04                _fini
 .fini          0x08005e08        0x8 c:/program files (x86)/atollic/truestudio for stm32 9.0.1/armtools/bin/../lib/gcc/arm-atollic-eabi/6.3.1/armv7e-m/fpu/crtn.o
                0x08005e10                . = ALIGN (0x4)
                0x08005e10                _etext = .

.vfp11_veneer   0x08005e10        0x0
 .vfp11_veneer  0x08005e10        0x0 linker stubs

.v4_bx          0x08005e10        0x0
 .v4_bx         0x08005e10        0x0 linker stubs

.iplt           0x08005e10        0x0
 .iplt          0x08005e10        0x0 c:/program files (x86)/atollic/truestudio for stm32 9.0.1/armtools/bin/../lib/gcc/arm-atollic-eabi/6.3.1/armv7e-m/fpu/crtbegin.o

.rodata         0x08005e10       0x64
                0x08005e10                . = ALIGN (0x4)
 *(.rodata)
 .rodata        0x08005e10       0x62 Libraries\usb_cdc_device\usbd_desc.o
 *(.rodata*)
                0x08005e74                . = ALIGN (0x4)
 *fill*         0x08005e72        0x2 

.rel.dyn        0x08005e74        0x0
 .rel.iplt      0x08005e74        0x0 c:/program files (x86)/atollic/truestudio for stm32 9.0.1/armtools/bin/../lib/gcc/arm-atollic-eabi/6.3.1/armv7e-m/fpu/crtbegin.o

.ARM.extab
 *(.ARM.extab* .gnu.linkonce.armextab.*)

.ARM            0x08005e74        0x0
                0x08005e74                __exidx_start = .
 *(.ARM.exidx*)
                0x08005e74                __exidx_end = .

.preinit_array  0x08005e74        0x0
                0x08005e74                PROVIDE (__preinit_array_start, .)
 *(.preinit_array*)
                0x08005e74                PROVIDE (__preinit_array_end, .)

.init_array     0x08005e74        0x4
                0x08005e74                PROVIDE (__init_array_start, .)
 *(SORT(.init_array.*))
 *(.init_array*)
 .init_array    0x08005e74        0x4 c:/program files (x86)/atollic/truestudio for stm32 9.0.1/armtools/bin/../lib/gcc/arm-atollic-eabi/6.3.1/armv7e-m/fpu/crtbegin.o
                0x08005e78                PROVIDE (__init_array_end, .)

.fini_array     0x08005e78        0x4
                [!provide]                PROVIDE (__fini_array_start, .)
 *(SORT(.fini_array.*))
 *(.fini_array*)
 .fini_array    0x08005e78        0x4 c:/program files (x86)/atollic/truestudio for stm32 9.0.1/armtools/bin/../lib/gcc/arm-atollic-eabi/6.3.1/armv7e-m/fpu/crtbegin.o
                [!provide]                PROVIDE (__fini_array_end, .)
                0x08005e7c                _sidata = LOADADDR (.data)

.data           0x20000000      0x134 load address 0x08005e7c
                0x20000000                . = ALIGN (0x4)
                0x20000000                _sdata = .
 *(.data)
 *(.data*)
 .data.APBAHBPrescTable
                0x20000000       0x10 Libraries\STM32F4xx_StdPeriph_Driver\src\stm32f4xx_rcc.o
 .data.usbd_cdc_CfgDesc
                0x20000010       0x43 Libraries\usb_cdc_device\usbd_cdc_core.o
                0x20000010                usbd_cdc_CfgDesc
 *fill*         0x20000053        0x1 
 .data.cdcCmd   0x20000054        0x4 Libraries\usb_cdc_device\usbd_cdc_core.o
 .data.USBD_CDC_cb
                0x20000058       0x2c Libraries\usb_cdc_device\usbd_cdc_core.o
                0x20000058                USBD_CDC_cb
 .data.linecoding
                0x20000084        0x8 Libraries\usb_cdc_device\usbd_cdc_vcp.o
                0x20000084                linecoding
 .data.VCP_fops
                0x2000008c       0x14 Libraries\usb_cdc_device\usbd_cdc_vcp.o
                0x2000008c                VCP_fops
 .data.USBD_DCD_INT_cb
                0x200000a0       0x2c Libraries\usb_cdc_device\usbd_core.o
                0x200000a0                USBD_DCD_INT_cb
 .data.USBD_DCD_INT_fops
                0x200000cc        0x4 Libraries\usb_cdc_device\usbd_core.o
                0x200000cc                USBD_DCD_INT_fops
 .data.USR_desc
                0x200000d0       0x1c Libraries\usb_cdc_device\usbd_desc.o
                0x200000d0                USR_desc
 .data.USBD_DeviceDesc
                0x200000ec       0x12 Libraries\usb_cdc_device\usbd_desc.o
                0x200000ec                USBD_DeviceDesc
 *fill*         0x200000fe        0x2 
 .data.USBD_LangIDDesc
                0x20000100        0x4 Libraries\usb_cdc_device\usbd_desc.o
                0x20000100                USBD_LangIDDesc
 .data.TM_USB_VCP_INT_Status
                0x20000104        0x1 Libraries\usb_cdc_device\usbd_usr.o
                0x20000104                TM_USB_VCP_INT_Status
 *fill*         0x20000105        0x3 
 .data.USR_cb   0x20000108       0x1c Libraries\usb_cdc_device\usbd_usr.o
                0x20000108                USR_cb
 .data.AudioRemSize
                0x20000124        0x4 Utilities\STM32F4-Discovery\stm32f4_discovery_audio_codec.o
                0x20000124                AudioRemSize
 .data.CurrAudioInterface
                0x20000128        0x4 Utilities\STM32F4-Discovery\stm32f4_discovery_audio_codec.o
                0x20000128                CurrAudioInterface
 .data.AUDIO_MAL_DMA_STREAM
                0x2000012c        0x4 Utilities\STM32F4-Discovery\stm32f4_discovery_audio_codec.o
                0x2000012c                AUDIO_MAL_DMA_STREAM
 .data.AUDIO_MAL_DMA_FLAG_TC
                0x20000130        0x4 Utilities\STM32F4-Discovery\stm32f4_discovery_audio_codec.o
                0x20000130                AUDIO_MAL_DMA_FLAG_TC
                0x20000134                . = ALIGN (0x4)
                0x20000134                _edata = .
                0x08005fb0                _siccmram = LOADADDR (.ccmram)

.igot.plt       0x20000134        0x0 load address 0x08005fb0
 .igot.plt      0x20000134        0x0 c:/program files (x86)/atollic/truestudio for stm32 9.0.1/armtools/bin/../lib/gcc/arm-atollic-eabi/6.3.1/armv7e-m/fpu/crtbegin.o

.ccmram         0x10000000        0x0 load address 0x08005fb0
                0x10000000                . = ALIGN (0x4)
                0x10000000                _sccmram = .
 *(.ccmram)
 *(.ccmram*)
                0x10000000                . = ALIGN (0x4)
                0x10000000                _eccmram = .
                0x10000000                . = ALIGN (0x4)

.bss            0x20000134     0x117c
                0x20000134                _sbss = .
                0x20000134                __bss_start__ = _sbss
 *(.bss)
 .bss           0x20000134       0x1c c:/program files (x86)/atollic/truestudio for stm32 9.0.1/armtools/bin/../lib/gcc/arm-atollic-eabi/6.3.1/armv7e-m/fpu/crtbegin.o
 *(.bss*)
 .bss.usbd_cdc_AltSet
                0x20000150        0x4 Libraries\usb_cdc_device\usbd_cdc_core.o
 .bss.APP_Rx_ptr_in
                0x20000154        0x4 Libraries\usb_cdc_device\usbd_cdc_core.o
                0x20000154                APP_Rx_ptr_in
 .bss.APP_Rx_ptr_out
                0x20000158        0x4 Libraries\usb_cdc_device\usbd_cdc_core.o
                0x20000158                APP_Rx_ptr_out
 .bss.APP_Rx_length
                0x2000015c        0x4 Libraries\usb_cdc_device\usbd_cdc_core.o
                0x2000015c                APP_Rx_length
 .bss.USB_Tx_State
                0x20000160        0x1 Libraries\usb_cdc_device\usbd_cdc_core.o
                0x20000160                USB_Tx_State
 *fill*         0x20000161        0x3 
 .bss.cdcLen    0x20000164        0x4 Libraries\usb_cdc_device\usbd_cdc_core.o
 .bss.FrameCount.10771
                0x20000168        0x4 Libraries\usb_cdc_device\usbd_cdc_core.o
 .bss.USBD_ep_status
                0x2000016c        0x4 Libraries\usb_cdc_device\usbd_req.o
                0x2000016c                USBD_ep_status
 .bss.USBD_default_cfg
                0x20000170        0x4 Libraries\usb_cdc_device\usbd_req.o
                0x20000170                USBD_default_cfg
 .bss.USBD_cfg_status
                0x20000174        0x4 Libraries\usb_cdc_device\usbd_req.o
                0x20000174                USBD_cfg_status
 .bss.cfgidx.10778
                0x20000178        0x1 Libraries\usb_cdc_device\usbd_req.o
 *fill*         0x20000179        0x3 
 .bss.count     0x2000017c        0x4 src\main.o
                0x2000017c                count
 .bss.loopCount
                0x20000180        0x2 src\main.o
                0x20000180                loopCount
 *fill*         0x20000182        0x2 
 .bss.pwm       0x20000184        0x4 src\main.o
                0x20000184                pwm
 .bss.TM_USB_VCP_INT_Init
                0x20000188        0x1 src\tm_stm32f4_usb_vcp.o
                0x20000188                TM_USB_VCP_INT_Init
 *(COMMON)
 *fill*         0x20000189        0x3 
 COMMON         0x2000018c      0x88c Libraries\usb_cdc_device\usbd_cdc_core.o
                0x2000018c                usbd_cdc_OtherCfgDesc
                0x200001d0                USB_Rx_Buffer
                0x20000210                CmdBuff
                0x20000218                APP_Rx_Buffer
 COMMON         0x20000a18        0x4 Libraries\usb_cdc_device\usbd_core.o
                0x20000a18                SET_TEST_MODE
 COMMON         0x20000a1c       0xff Libraries\usb_cdc_device\usbd_req.o
                0x20000a1c                USBD_StrDesc
 *fill*         0x20000b1b        0x1 
 COMMON         0x20000b1c       0x7c Utilities\STM32F4-Discovery\stm32f4_discovery_audio_codec.o
                0x20000b1c                CurrentPos
                0x20000b20                AUDIO_MAL_DMA_InitStructure
                0x20000b5c                DMA_InitStructure
 COMMON         0x20000b98        0x4 src\EKF.o
                0x20000b98                run
 COMMON         0x20000b9c       0x2c src\logger.o
                0x20000b9c                USART_BaudRate
                0x20000ba0                DMA_TX_Buffer
 COMMON         0x20000bc8       0x66 src\main.o
                0x20000bc8                raw_gyro
                0x20000bd0                encode
                0x20000bfa                current
                0x20000bfc                sensorValues
                0x20000c0c                data
                0x20000c24                raw_acc
                0x20000c2c                raw_temp
 *fill*         0x20000c2e        0x2 
 COMMON         0x20000c30      0x680 src\tm_stm32f4_usb_vcp.o
                0x20000c30                tm_int_usb_vcp_buf_in
                0x20000c34                tm_int_usb_vcp_buf_num
                0x20000c38                tm_int_usb_vcp_buf_out
                0x20000c3c                TM_INT_USB_VCP_ReceiveBuffer
                0x20000cbc                USB_OTG_dev
                0x200012b0                . = ALIGN (0x4)
                0x200012b0                _ebss = .
                0x200012b0                __bss_end__ = _ebss

._user_heap_stack
                0x200012b0      0x400
                0x200012b0                . = ALIGN (0x4)
                [!provide]                PROVIDE (end, .)
                [!provide]                PROVIDE (_end, .)
                0x200012b0                . = (. + _Min_Heap_Size)
                0x200016b0                . = (. + _Min_Stack_Size)
 *fill*         0x200012b0      0x400 
                0x200016b0                . = ALIGN (0x4)

.memory_b1_text
 *(.mb1text)
 *(.mb1text*)
 *(.mb1rodata)
 *(.mb1rodata*)

/DISCARD/
 libc.a(*)
 libm.a(*)
 libgcc.a(*)

.ARM.attributes
                0x00000000       0x30
 *(.ARM.attributes)
 .ARM.attributes
                0x00000000       0x22 c:/program files (x86)/atollic/truestudio for stm32 9.0.1/armtools/bin/../lib/gcc/arm-atollic-eabi/6.3.1/armv7e-m/fpu/crti.o
 .ARM.attributes
                0x00000022       0x34 c:/program files (x86)/atollic/truestudio for stm32 9.0.1/armtools/bin/../lib/gcc/arm-atollic-eabi/6.3.1/armv7e-m/fpu/crtbegin.o
 .ARM.attributes
                0x00000056       0x39 Libraries\STM32F4xx_StdPeriph_Driver\src\misc.o
 .ARM.attributes
                0x0000008f       0x39 Libraries\STM32F4xx_StdPeriph_Driver\src\stm32f4xx_adc.o
 .ARM.attributes
                0x000000c8       0x39 Libraries\STM32F4xx_StdPeriph_Driver\src\stm32f4xx_dac.o
 .ARM.attributes
                0x00000101       0x39 Libraries\STM32F4xx_StdPeriph_Driver\src\stm32f4xx_dma.o
 .ARM.attributes
                0x0000013a       0x39 Libraries\STM32F4xx_StdPeriph_Driver\src\stm32f4xx_exti.o
 .ARM.attributes
                0x00000173       0x39 Libraries\STM32F4xx_StdPeriph_Driver\src\stm32f4xx_gpio.o
 .ARM.attributes
                0x000001ac       0x39 Libraries\STM32F4xx_StdPeriph_Driver\src\stm32f4xx_rcc.o
 .ARM.attributes
                0x000001e5       0x39 Libraries\STM32F4xx_StdPeriph_Driver\src\stm32f4xx_spi.o
 .ARM.attributes
                0x0000021e       0x39 Libraries\STM32F4xx_StdPeriph_Driver\src\stm32f4xx_tim.o
 .ARM.attributes
                0x00000257       0x39 Libraries\STM32F4xx_StdPeriph_Driver\src\stm32f4xx_usart.o
 .ARM.attributes
                0x00000290       0x39 Libraries\usb_cdc_device\usb_bsp.o
 .ARM.attributes
                0x000002c9       0x39 Libraries\usb_cdc_device\usb_core.o
 .ARM.attributes
                0x00000302       0x39 Libraries\usb_cdc_device\usb_dcd.o
 .ARM.attributes
                0x0000033b       0x39 Libraries\usb_cdc_device\usb_dcd_int.o
 .ARM.attributes
                0x00000374       0x39 Libraries\usb_cdc_device\usbd_cdc_core.o
 .ARM.attributes
                0x000003ad       0x39 Libraries\usb_cdc_device\usbd_cdc_vcp.o
 .ARM.attributes
                0x000003e6       0x39 Libraries\usb_cdc_device\usbd_core.o
 .ARM.attributes
                0x0000041f       0x39 Libraries\usb_cdc_device\usbd_desc.o
 .ARM.attributes
                0x00000458       0x39 Libraries\usb_cdc_device\usbd_ioreq.o
 .ARM.attributes
                0x00000491       0x39 Libraries\usb_cdc_device\usbd_req.o
 .ARM.attributes
                0x000004ca       0x39 Libraries\usb_cdc_device\usbd_usr.o
 .ARM.attributes
                0x00000503       0x39 Utilities\STM32F4-Discovery\stm32f4_discovery_audio_codec.o
 .ARM.attributes
                0x0000053c       0x39 src\ADC.o
 .ARM.attributes
                0x00000575       0x39 src\EKF.o
 .ARM.attributes
                0x000005ae       0x39 src\SPI.o
 .ARM.attributes
                0x000005e7       0x39 src\control.o
 .ARM.attributes
                0x00000620       0x39 src\encoder.o
 .ARM.attributes
                0x00000659       0x39 src\logger.o
 .ARM.attributes
                0x00000692       0x39 src\main.o
 .ARM.attributes
                0x000006cb       0x39 src\motor.o
 .ARM.attributes
                0x00000704       0x21 src\startup_stm32f40xx.o
 .ARM.attributes
                0x00000725       0x39 src\stm32f4xx_it.o
 .ARM.attributes
                0x0000075e       0x39 src\system_stm32f4xx.o
 .ARM.attributes
                0x00000797       0x39 src\tm_stm32f4_usb_vcp.o
 .ARM.attributes
                0x000007d0       0x34 c:/program files (x86)/atollic/truestudio for stm32 9.0.1/armtools/bin/../lib/gcc/arm-atollic-eabi/6.3.1/../../../../arm-atollic-eabi/lib/armv7e-m/fpu\libc_nano.a(lib_a-init.o)
 .ARM.attributes
                0x00000804       0x34 c:/program files (x86)/atollic/truestudio for stm32 9.0.1/armtools/bin/../lib/gcc/arm-atollic-eabi/6.3.1/../../../../arm-atollic-eabi/lib/armv7e-m/fpu\libc_nano.a(lib_a-memset.o)
 .ARM.attributes
                0x00000838       0x22 c:/program files (x86)/atollic/truestudio for stm32 9.0.1/armtools/bin/../lib/gcc/arm-atollic-eabi/6.3.1/armv7e-m/fpu/crtn.o
OUTPUT(AngularAccelerationEstimation.elf elf32-littlearm)

.debug_info     0x00000000    0x1f769
 .debug_info    0x00000000      0x54d Libraries\STM32F4xx_StdPeriph_Driver\src\misc.o
 .debug_info    0x0000054d      0xc4f Libraries\STM32F4xx_StdPeriph_Driver\src\stm32f4xx_adc.o
 .debug_info    0x0000119c      0x654 Libraries\STM32F4xx_StdPeriph_Driver\src\stm32f4xx_dac.o
 .debug_info    0x000017f0      0x74c Libraries\STM32F4xx_StdPeriph_Driver\src\stm32f4xx_dma.o
 .debug_info    0x00001f3c      0x366 Libraries\STM32F4xx_StdPeriph_Driver\src\stm32f4xx_exti.o
 .debug_info    0x000022a2      0x628 Libraries\STM32F4xx_StdPeriph_Driver\src\stm32f4xx_gpio.o
 .debug_info    0x000028ca      0xc98 Libraries\STM32F4xx_StdPeriph_Driver\src\stm32f4xx_rcc.o
 .debug_info    0x00003562      0xb1a Libraries\STM32F4xx_StdPeriph_Driver\src\stm32f4xx_spi.o
 .debug_info    0x0000407c     0x1c74 Libraries\STM32F4xx_StdPeriph_Driver\src\stm32f4xx_tim.o
 .debug_info    0x00005cf0      0x9d5 Libraries\STM32F4xx_StdPeriph_Driver\src\stm32f4xx_usart.o
 .debug_info    0x000066c5     0x18d1 Libraries\usb_cdc_device\usb_bsp.o
 .debug_info    0x00007f96     0x2cbb Libraries\usb_cdc_device\usb_core.o
 .debug_info    0x0000ac51     0x186f Libraries\usb_cdc_device\usb_dcd.o
 .debug_info    0x0000c4c0     0x25f1 Libraries\usb_cdc_device\usb_dcd_int.o
 .debug_info    0x0000eab1     0x17c0 Libraries\usb_cdc_device\usbd_cdc_core.o
 .debug_info    0x00010271     0x15d7 Libraries\usb_cdc_device\usbd_cdc_vcp.o
 .debug_info    0x00011848     0x181d Libraries\usb_cdc_device\usbd_core.o
 .debug_info    0x00013065      0xbce Libraries\usb_cdc_device\usbd_desc.o
 .debug_info    0x00013c33     0x1507 Libraries\usb_cdc_device\usbd_ioreq.o
 .debug_info    0x0001513a     0x1889 Libraries\usb_cdc_device\usbd_req.o
 .debug_info    0x000169c3      0xd17 Libraries\usb_cdc_device\usbd_usr.o
 .debug_info    0x000176da     0x10a5 Utilities\STM32F4-Discovery\stm32f4_discovery_audio_codec.o
 .debug_info    0x0001877f      0x4f1 src\ADC.o
 .debug_info    0x00018c70     0x103a src\EKF.o
 .debug_info    0x00019caa      0x634 src\SPI.o
 .debug_info    0x0001a2de      0x651 src\control.o
 .debug_info    0x0001a92f      0x51c src\encoder.o
 .debug_info    0x0001ae4b     0x1175 src\logger.o
 .debug_info    0x0001bfc0     0x12c3 src\main.o
 .debug_info    0x0001d283      0x5d0 src\motor.o
 .debug_info    0x0001d853       0xaf src\startup_stm32f40xx.o
 .debug_info    0x0001d902      0x154 src\stm32f4xx_it.o
 .debug_info    0x0001da56      0x5dd src\system_stm32f4xx.o
 .debug_info    0x0001e033     0x1736 src\tm_stm32f4_usb_vcp.o

.debug_abbrev   0x00000000     0x40a0
 .debug_abbrev  0x00000000      0x172 Libraries\STM32F4xx_StdPeriph_Driver\src\misc.o
 .debug_abbrev  0x00000172      0x1ab Libraries\STM32F4xx_StdPeriph_Driver\src\stm32f4xx_adc.o
 .debug_abbrev  0x0000031d      0x191 Libraries\STM32F4xx_StdPeriph_Driver\src\stm32f4xx_dac.o
 .debug_abbrev  0x000004ae      0x168 Libraries\STM32F4xx_StdPeriph_Driver\src\stm32f4xx_dma.o
 .debug_abbrev  0x00000616      0x1bc Libraries\STM32F4xx_StdPeriph_Driver\src\stm32f4xx_exti.o
 .debug_abbrev  0x000007d2      0x1b8 Libraries\STM32F4xx_StdPeriph_Driver\src\stm32f4xx_gpio.o
 .debug_abbrev  0x0000098a      0x1f8 Libraries\STM32F4xx_StdPeriph_Driver\src\stm32f4xx_rcc.o
 .debug_abbrev  0x00000b82      0x17a Libraries\STM32F4xx_StdPeriph_Driver\src\stm32f4xx_spi.o
 .debug_abbrev  0x00000cfc      0x19a Libraries\STM32F4xx_StdPeriph_Driver\src\stm32f4xx_tim.o
 .debug_abbrev  0x00000e96      0x182 Libraries\STM32F4xx_StdPeriph_Driver\src\stm32f4xx_usart.o
 .debug_abbrev  0x00001018      0x25d Libraries\usb_cdc_device\usb_bsp.o
 .debug_abbrev  0x00001275      0x342 Libraries\usb_cdc_device\usb_core.o
 .debug_abbrev  0x000015b7      0x2b2 Libraries\usb_cdc_device\usb_dcd.o
 .debug_abbrev  0x00001869      0x29c Libraries\usb_cdc_device\usb_dcd_int.o
 .debug_abbrev  0x00001b05      0x284 Libraries\usb_cdc_device\usbd_cdc_core.o
 .debug_abbrev  0x00001d89      0x25b Libraries\usb_cdc_device\usbd_cdc_vcp.o
 .debug_abbrev  0x00001fe4      0x2db Libraries\usb_cdc_device\usbd_core.o
 .debug_abbrev  0x000022bf      0x1ce Libraries\usb_cdc_device\usbd_desc.o
 .debug_abbrev  0x0000248d      0x224 Libraries\usb_cdc_device\usbd_ioreq.o
 .debug_abbrev  0x000026b1      0x315 Libraries\usb_cdc_device\usbd_req.o
 .debug_abbrev  0x000029c6      0x1f1 Libraries\usb_cdc_device\usbd_usr.o
 .debug_abbrev  0x00002bb7      0x276 Utilities\STM32F4-Discovery\stm32f4_discovery_audio_codec.o
 .debug_abbrev  0x00002e2d      0x142 src\ADC.o
 .debug_abbrev  0x00002f6f      0x28c src\EKF.o
 .debug_abbrev  0x000031fb      0x1aa src\SPI.o
 .debug_abbrev  0x000033a5      0x17e src\control.o
 .debug_abbrev  0x00003523      0x112 src\encoder.o
 .debug_abbrev  0x00003635      0x275 src\logger.o
 .debug_abbrev  0x000038aa      0x288 src\main.o
 .debug_abbrev  0x00003b32      0x13d src\motor.o
 .debug_abbrev  0x00003c6f       0x12 src\startup_stm32f40xx.o
 .debug_abbrev  0x00003c81       0x78 src\stm32f4xx_it.o
 .debug_abbrev  0x00003cf9      0x158 src\system_stm32f4xx.o
 .debug_abbrev  0x00003e51      0x24f src\tm_stm32f4_usb_vcp.o

.debug_aranges  0x00000000     0x1398
 .debug_aranges
                0x00000000       0x40 Libraries\STM32F4xx_StdPeriph_Driver\src\misc.o
 .debug_aranges
                0x00000040      0x148 Libraries\STM32F4xx_StdPeriph_Driver\src\stm32f4xx_adc.o
 .debug_aranges
                0x00000188       0xa0 Libraries\STM32F4xx_StdPeriph_Driver\src\stm32f4xx_dac.o
 .debug_aranges
                0x00000228       0xb0 Libraries\STM32F4xx_StdPeriph_Driver\src\stm32f4xx_dma.o
 .debug_aranges
                0x000002d8       0x58 Libraries\STM32F4xx_StdPeriph_Driver\src\stm32f4xx_exti.o
 .debug_aranges
                0x00000330       0x88 Libraries\STM32F4xx_StdPeriph_Driver\src\stm32f4xx_gpio.o
 .debug_aranges
                0x000003b8      0x180 Libraries\STM32F4xx_StdPeriph_Driver\src\stm32f4xx_rcc.o
 .debug_aranges
                0x00000538       0xe0 Libraries\STM32F4xx_StdPeriph_Driver\src\stm32f4xx_spi.o
 .debug_aranges
                0x00000618      0x2f8 Libraries\STM32F4xx_StdPeriph_Driver\src\stm32f4xx_tim.o
 .debug_aranges
                0x00000910      0x100 Libraries\STM32F4xx_StdPeriph_Driver\src\stm32f4xx_usart.o
 .debug_aranges
                0x00000a10       0x48 Libraries\usb_cdc_device\usb_bsp.o
 .debug_aranges
                0x00000a58      0x138 Libraries\usb_cdc_device\usb_core.o
 .debug_aranges
                0x00000b90       0x80 Libraries\usb_cdc_device\usb_dcd.o
 .debug_aranges
                0x00000c10       0x80 Libraries\usb_cdc_device\usb_dcd_int.o
 .debug_aranges
                0x00000c90       0x60 Libraries\usb_cdc_device\usbd_cdc_core.o
 .debug_aranges
                0x00000cf0       0x40 Libraries\usb_cdc_device\usbd_cdc_vcp.o
 .debug_aranges
                0x00000d30       0x88 Libraries\usb_cdc_device\usbd_core.o
 .debug_aranges
                0x00000db8       0x50 Libraries\usb_cdc_device\usbd_desc.o
 .debug_aranges
                0x00000e08       0x50 Libraries\usb_cdc_device\usbd_ioreq.o
 .debug_aranges
                0x00000e58       0x88 Libraries\usb_cdc_device\usbd_req.o
 .debug_aranges
                0x00000ee0       0x58 Libraries\usb_cdc_device\usbd_usr.o
 .debug_aranges
                0x00000f38      0x130 Utilities\STM32F4-Discovery\stm32f4_discovery_audio_codec.o
 .debug_aranges
                0x00001068       0x28 src\ADC.o
 .debug_aranges
                0x00001090       0xa0 src\EKF.o
 .debug_aranges
                0x00001130       0x48 src\SPI.o
 .debug_aranges
                0x00001178       0x40 src\control.o
 .debug_aranges
                0x000011b8       0x20 src\encoder.o
 .debug_aranges
                0x000011d8       0x38 src\logger.o
 .debug_aranges
                0x00001210       0x30 src\main.o
 .debug_aranges
                0x00001240       0x28 src\motor.o
 .debug_aranges
                0x00001268       0x28 src\startup_stm32f40xx.o
 .debug_aranges
                0x00001290       0x60 src\stm32f4xx_it.o
 .debug_aranges
                0x000012f0       0x30 src\system_stm32f4xx.o
 .debug_aranges
                0x00001320       0x78 src\tm_stm32f4_usb_vcp.o

.debug_ranges   0x00000000     0x1180
 .debug_ranges  0x00000000       0x30 Libraries\STM32F4xx_StdPeriph_Driver\src\misc.o
 .debug_ranges  0x00000030      0x138 Libraries\STM32F4xx_StdPeriph_Driver\src\stm32f4xx_adc.o
 .debug_ranges  0x00000168       0x90 Libraries\STM32F4xx_StdPeriph_Driver\src\stm32f4xx_dac.o
 .debug_ranges  0x000001f8       0xa0 Libraries\STM32F4xx_StdPeriph_Driver\src\stm32f4xx_dma.o
 .debug_ranges  0x00000298       0x48 Libraries\STM32F4xx_StdPeriph_Driver\src\stm32f4xx_exti.o
 .debug_ranges  0x000002e0       0x78 Libraries\STM32F4xx_StdPeriph_Driver\src\stm32f4xx_gpio.o
 .debug_ranges  0x00000358      0x170 Libraries\STM32F4xx_StdPeriph_Driver\src\stm32f4xx_rcc.o
 .debug_ranges  0x000004c8       0xd0 Libraries\STM32F4xx_StdPeriph_Driver\src\stm32f4xx_spi.o
 .debug_ranges  0x00000598      0x2e8 Libraries\STM32F4xx_StdPeriph_Driver\src\stm32f4xx_tim.o
 .debug_ranges  0x00000880       0xf0 Libraries\STM32F4xx_StdPeriph_Driver\src\stm32f4xx_usart.o
 .debug_ranges  0x00000970       0x38 Libraries\usb_cdc_device\usb_bsp.o
 .debug_ranges  0x000009a8      0x128 Libraries\usb_cdc_device\usb_core.o
 .debug_ranges  0x00000ad0       0x70 Libraries\usb_cdc_device\usb_dcd.o
 .debug_ranges  0x00000b40       0x70 Libraries\usb_cdc_device\usb_dcd_int.o
 .debug_ranges  0x00000bb0       0x50 Libraries\usb_cdc_device\usbd_cdc_core.o
 .debug_ranges  0x00000c00       0x30 Libraries\usb_cdc_device\usbd_cdc_vcp.o
 .debug_ranges  0x00000c30       0x78 Libraries\usb_cdc_device\usbd_core.o
 .debug_ranges  0x00000ca8       0x40 Libraries\usb_cdc_device\usbd_desc.o
 .debug_ranges  0x00000ce8       0x40 Libraries\usb_cdc_device\usbd_ioreq.o
 .debug_ranges  0x00000d28       0x78 Libraries\usb_cdc_device\usbd_req.o
 .debug_ranges  0x00000da0       0x48 Libraries\usb_cdc_device\usbd_usr.o
 .debug_ranges  0x00000de8      0x120 Utilities\STM32F4-Discovery\stm32f4_discovery_audio_codec.o
 .debug_ranges  0x00000f08       0x18 src\ADC.o
 .debug_ranges  0x00000f20       0x90 src\EKF.o
 .debug_ranges  0x00000fb0       0x38 src\SPI.o
 .debug_ranges  0x00000fe8       0x30 src\control.o
 .debug_ranges  0x00001018       0x10 src\encoder.o
 .debug_ranges  0x00001028       0x28 src\logger.o
 .debug_ranges  0x00001050       0x20 src\main.o
 .debug_ranges  0x00001070       0x18 src\motor.o
 .debug_ranges  0x00001088       0x20 src\startup_stm32f40xx.o
 .debug_ranges  0x000010a8       0x50 src\stm32f4xx_it.o
 .debug_ranges  0x000010f8       0x20 src\system_stm32f4xx.o
 .debug_ranges  0x00001118       0x68 src\tm_stm32f4_usb_vcp.o

.debug_line     0x00000000     0x8742
 .debug_line    0x00000000      0x253 Libraries\STM32F4xx_StdPeriph_Driver\src\misc.o
 .debug_line    0x00000253      0x572 Libraries\STM32F4xx_StdPeriph_Driver\src\stm32f4xx_adc.o
 .debug_line    0x000007c5      0x367 Libraries\STM32F4xx_StdPeriph_Driver\src\stm32f4xx_dac.o
 .debug_line    0x00000b2c      0x43f Libraries\STM32F4xx_StdPeriph_Driver\src\stm32f4xx_dma.o
 .debug_line    0x00000f6b      0x2b6 Libraries\STM32F4xx_StdPeriph_Driver\src\stm32f4xx_exti.o
 .debug_line    0x00001221      0x375 Libraries\STM32F4xx_StdPeriph_Driver\src\stm32f4xx_gpio.o
 .debug_line    0x00001596      0x5cd Libraries\STM32F4xx_StdPeriph_Driver\src\stm32f4xx_rcc.o
 .debug_line    0x00001b63      0x485 Libraries\STM32F4xx_StdPeriph_Driver\src\stm32f4xx_spi.o
 .debug_line    0x00001fe8      0xad6 Libraries\STM32F4xx_StdPeriph_Driver\src\stm32f4xx_tim.o
 .debug_line    0x00002abe      0x4df Libraries\STM32F4xx_StdPeriph_Driver\src\stm32f4xx_usart.o
 .debug_line    0x00002f9d      0x3cc Libraries\usb_cdc_device\usb_bsp.o
 .debug_line    0x00003369      0x7a0 Libraries\usb_cdc_device\usb_core.o
 .debug_line    0x00003b09      0x3ff Libraries\usb_cdc_device\usb_dcd.o
 .debug_line    0x00003f08      0x479 Libraries\usb_cdc_device\usb_dcd_int.o
 .debug_line    0x00004381      0x36f Libraries\usb_cdc_device\usbd_cdc_core.o
 .debug_line    0x000046f0      0x39b Libraries\usb_cdc_device\usbd_cdc_vcp.o
 .debug_line    0x00004a8b      0x3ed Libraries\usb_cdc_device\usbd_core.o
 .debug_line    0x00004e78      0x2cb Libraries\usb_cdc_device\usbd_desc.o
 .debug_line    0x00005143      0x2e9 Libraries\usb_cdc_device\usbd_ioreq.o
 .debug_line    0x0000542c      0x4ca Libraries\usb_cdc_device\usbd_req.o
 .debug_line    0x000058f6      0x392 Libraries\usb_cdc_device\usbd_usr.o
 .debug_line    0x00005c88      0x70f Utilities\STM32F4-Discovery\stm32f4_discovery_audio_codec.o
 .debug_line    0x00006397      0x218 src\ADC.o
 .debug_line    0x000065af      0x675 src\EKF.o
 .debug_line    0x00006c24      0x38c src\SPI.o
 .debug_line    0x00006fb0      0x244 src\control.o
 .debug_line    0x000071f4      0x204 src\encoder.o
 .debug_line    0x000073f8      0x3d9 src\logger.o
 .debug_line    0x000077d1      0x44b src\main.o
 .debug_line    0x00007c1c      0x219 src\motor.o
 .debug_line    0x00007e35       0x7a src\startup_stm32f40xx.o
 .debug_line    0x00007eaf      0x227 src\stm32f4xx_it.o
 .debug_line    0x000080d6      0x219 src\system_stm32f4xx.o
 .debug_line    0x000082ef      0x453 src\tm_stm32f4_usb_vcp.o

.debug_str      0x00000000     0x650a
 .debug_str     0x00000000      0x42d Libraries\STM32F4xx_StdPeriph_Driver\src\misc.o
                                0x48b (size before relaxing)
 .debug_str     0x0000042d      0x650 Libraries\STM32F4xx_StdPeriph_Driver\src\stm32f4xx_adc.o
                                0x8c1 (size before relaxing)
 .debug_str     0x00000a7d      0x26b Libraries\STM32F4xx_StdPeriph_Driver\src\stm32f4xx_dac.o
                                0x510 (size before relaxing)
 .debug_str     0x00000ce8      0x377 Libraries\STM32F4xx_StdPeriph_Driver\src\stm32f4xx_dma.o
                                0x5ff (size before relaxing)
 .debug_str     0x0000105f      0x1c0 Libraries\STM32F4xx_StdPeriph_Driver\src\stm32f4xx_exti.o
                                0x416 (size before relaxing)
 .debug_str     0x0000121f      0x300 Libraries\STM32F4xx_StdPeriph_Driver\src\stm32f4xx_gpio.o
                                0x560 (size before relaxing)
 .debug_str     0x0000151f      0x65f Libraries\STM32F4xx_StdPeriph_Driver\src\stm32f4xx_rcc.o
                                0x936 (size before relaxing)
 .debug_str     0x00001b7e      0x3a0 Libraries\STM32F4xx_StdPeriph_Driver\src\stm32f4xx_spi.o
                                0x747 (size before relaxing)
 .debug_str     0x00001f1e      0xb68 Libraries\STM32F4xx_StdPeriph_Driver\src\stm32f4xx_tim.o
                                0xe8d (size before relaxing)
 .debug_str     0x00002a86      0x423 Libraries\STM32F4xx_StdPeriph_Driver\src\stm32f4xx_usart.o
                                0x74c (size before relaxing)
 .debug_str     0x00002ea9     0x1083 Libraries\usb_cdc_device\usb_bsp.o
                               0x1643 (size before relaxing)
 .debug_str     0x00003f2c      0xbd5 Libraries\usb_cdc_device\usb_core.o
                               0x1b60 (size before relaxing)
 .debug_str     0x00004b01      0x104 Libraries\usb_cdc_device\usb_dcd.o
                               0x1028 (size before relaxing)
 .debug_str     0x00004c05      0x2d6 Libraries\usb_cdc_device\usb_dcd_int.o
                               0x17d5 (size before relaxing)
 .debug_str     0x00004edb      0x215 Libraries\usb_cdc_device\usbd_cdc_core.o
                               0x1069 (size before relaxing)
 .debug_str     0x000050f0       0xa2 Libraries\usb_cdc_device\usbd_cdc_vcp.o
                                0xf89 (size before relaxing)
 .debug_str     0x00005192      0x11c Libraries\usb_cdc_device\usbd_core.o
                               0x1078 (size before relaxing)
 .debug_str     0x000052ae       0xfa Libraries\usb_cdc_device\usbd_desc.o
                                0x891 (size before relaxing)
 .debug_str     0x000053a8       0xb1 Libraries\usb_cdc_device\usbd_ioreq.o
                                0xeb4 (size before relaxing)
 .debug_str     0x00005459      0x144 Libraries\usb_cdc_device\usbd_req.o
                               0x105d (size before relaxing)
 .debug_str     0x0000559d      0x1eb Libraries\usb_cdc_device\usbd_usr.o
                                0xadb (size before relaxing)
 .debug_str     0x00005788      0x4f9 Utilities\STM32F4-Discovery\stm32f4_discovery_audio_codec.o
                               0x1130 (size before relaxing)
 .debug_str     0x00005c81       0x3a src\ADC.o
                                0x553 (size before relaxing)
 .debug_str     0x00005cbb      0x22f src\EKF.o
                                0x86e (size before relaxing)
 .debug_str     0x00005eea       0x6f src\SPI.o
                                0x575 (size before relaxing)
 .debug_str     0x00005f59       0x49 src\control.o
                                0x96c (size before relaxing)
 .debug_str     0x00005fa2       0x34 src\encoder.o
                                0x550 (size before relaxing)
 .debug_str     0x00005fd6      0x102 src\logger.o
                               0x110e (size before relaxing)
 .debug_str     0x000060d8       0xee src\main.o
                                0xcb7 (size before relaxing)
 .debug_str     0x000061c6       0x3f src\motor.o
                                0x5ef (size before relaxing)
 .debug_str     0x00006205       0xa6 src\stm32f4xx_it.o
                                0x2ac (size before relaxing)
 .debug_str     0x000062ab       0x8f src\system_stm32f4xx.o
                                0x43f (size before relaxing)
 .debug_str     0x0000633a      0x1d0 src\tm_stm32f4_usb_vcp.o
                               0x11a6 (size before relaxing)

.comment        0x00000000       0x7c
 .comment       0x00000000       0x7c Libraries\STM32F4xx_StdPeriph_Driver\src\misc.o
                                 0x7d (size before relaxing)
 .comment       0x0000007c       0x7d Libraries\STM32F4xx_StdPeriph_Driver\src\stm32f4xx_adc.o
 .comment       0x0000007c       0x7d Libraries\STM32F4xx_StdPeriph_Driver\src\stm32f4xx_dac.o
 .comment       0x0000007c       0x7d Libraries\STM32F4xx_StdPeriph_Driver\src\stm32f4xx_dma.o
 .comment       0x0000007c       0x7d Libraries\STM32F4xx_StdPeriph_Driver\src\stm32f4xx_exti.o
 .comment       0x0000007c       0x7d Libraries\STM32F4xx_StdPeriph_Driver\src\stm32f4xx_gpio.o
 .comment       0x0000007c       0x7d Libraries\STM32F4xx_StdPeriph_Driver\src\stm32f4xx_rcc.o
 .comment       0x0000007c       0x7d Libraries\STM32F4xx_StdPeriph_Driver\src\stm32f4xx_spi.o
 .comment       0x0000007c       0x7d Libraries\STM32F4xx_StdPeriph_Driver\src\stm32f4xx_tim.o
 .comment       0x0000007c       0x7d Libraries\STM32F4xx_StdPeriph_Driver\src\stm32f4xx_usart.o
 .comment       0x0000007c       0x7d Libraries\usb_cdc_device\usb_bsp.o
 .comment       0x0000007c       0x7d Libraries\usb_cdc_device\usb_core.o
 .comment       0x0000007c       0x7d Libraries\usb_cdc_device\usb_dcd.o
 .comment       0x0000007c       0x7d Libraries\usb_cdc_device\usb_dcd_int.o
 .comment       0x0000007c       0x7d Libraries\usb_cdc_device\usbd_cdc_core.o
 .comment       0x0000007c       0x7d Libraries\usb_cdc_device\usbd_cdc_vcp.o
 .comment       0x0000007c       0x7d Libraries\usb_cdc_device\usbd_core.o
 .comment       0x0000007c       0x7d Libraries\usb_cdc_device\usbd_desc.o
 .comment       0x0000007c       0x7d Libraries\usb_cdc_device\usbd_ioreq.o
 .comment       0x0000007c       0x7d Libraries\usb_cdc_device\usbd_req.o
 .comment       0x0000007c       0x7d Libraries\usb_cdc_device\usbd_usr.o
 .comment       0x0000007c       0x7d Utilities\STM32F4-Discovery\stm32f4_discovery_audio_codec.o
 .comment       0x0000007c       0x7d src\ADC.o
 .comment       0x0000007c       0x7d src\EKF.o
 .comment       0x0000007c       0x7d src\SPI.o
 .comment       0x0000007c       0x7d src\control.o
 .comment       0x0000007c       0x7d src\encoder.o
 .comment       0x0000007c       0x7d src\logger.o
 .comment       0x0000007c       0x7d src\main.o
 .comment       0x0000007c       0x7d src\motor.o
 .comment       0x0000007c       0x7d src\stm32f4xx_it.o
 .comment       0x0000007c       0x7d src\system_stm32f4xx.o
 .comment       0x0000007c       0x7d src\tm_stm32f4_usb_vcp.o

.debug_frame    0x00000000     0x503c
 .debug_frame   0x00000000       0xd8 Libraries\STM32F4xx_StdPeriph_Driver\src\misc.o
 .debug_frame   0x000000d8      0x5ec Libraries\STM32F4xx_StdPeriph_Driver\src\stm32f4xx_adc.o
 .debug_frame   0x000006c4      0x2ac Libraries\STM32F4xx_StdPeriph_Driver\src\stm32f4xx_dac.o
 .debug_frame   0x00000970      0x308 Libraries\STM32F4xx_StdPeriph_Driver\src\stm32f4xx_dma.o
 .debug_frame   0x00000c78      0x148 Libraries\STM32F4xx_StdPeriph_Driver\src\stm32f4xx_exti.o
 .debug_frame   0x00000dc0      0x23c Libraries\STM32F4xx_StdPeriph_Driver\src\stm32f4xx_gpio.o
 .debug_frame   0x00000ffc      0x6fc Libraries\STM32F4xx_StdPeriph_Driver\src\stm32f4xx_rcc.o
 .debug_frame   0x000016f8      0x3f4 Libraries\STM32F4xx_StdPeriph_Driver\src\stm32f4xx_spi.o
 .debug_frame   0x00001aec      0xe54 Libraries\STM32F4xx_StdPeriph_Driver\src\stm32f4xx_tim.o
 .debug_frame   0x00002940      0x490 Libraries\STM32F4xx_StdPeriph_Driver\src\stm32f4xx_usart.o
 .debug_frame   0x00002dd0       0xdc Libraries\usb_cdc_device\usb_bsp.o
 .debug_frame   0x00002eac      0x584 Libraries\usb_cdc_device\usb_core.o
 .debug_frame   0x00003430      0x1e8 Libraries\usb_cdc_device\usb_dcd.o
 .debug_frame   0x00003618      0x1e8 Libraries\usb_cdc_device\usb_dcd_int.o
 .debug_frame   0x00003800      0x158 Libraries\usb_cdc_device\usbd_cdc_core.o
 .debug_frame   0x00003958       0xc4 Libraries\usb_cdc_device\usbd_cdc_vcp.o
 .debug_frame   0x00003a1c      0x210 Libraries\usb_cdc_device\usbd_core.o
 .debug_frame   0x00003c2c      0x114 Libraries\usb_cdc_device\usbd_desc.o
 .debug_frame   0x00003d40      0x110 Libraries\usb_cdc_device\usbd_ioreq.o
 .debug_frame   0x00003e50      0x210 Libraries\usb_cdc_device\usbd_req.o
 .debug_frame   0x00004060      0x118 Libraries\usb_cdc_device\usbd_usr.o
 .debug_frame   0x00004178      0x4bc Utilities\STM32F4-Discovery\stm32f4_discovery_audio_codec.o
 .debug_frame   0x00004634       0x50 src\ADC.o
 .debug_frame   0x00004684      0x2d0 src\EKF.o
 .debug_frame   0x00004954       0xec src\SPI.o
 .debug_frame   0x00004a40       0xb4 src\control.o
 .debug_frame   0x00004af4       0x34 src\encoder.o
 .debug_frame   0x00004b28       0xa0 src\logger.o
 .debug_frame   0x00004bc8       0x7c src\main.o
 .debug_frame   0x00004c44       0x5c src\motor.o
 .debug_frame   0x00004ca0      0x110 src\stm32f4xx_it.o
 .debug_frame   0x00004db0       0x7c src\system_stm32f4xx.o
 .debug_frame   0x00004e2c      0x1c4 src\tm_stm32f4_usb_vcp.o
 .debug_frame   0x00004ff0       0x2c c:/program files (x86)/atollic/truestudio for stm32 9.0.1/armtools/bin/../lib/gcc/arm-atollic-eabi/6.3.1/../../../../arm-atollic-eabi/lib/armv7e-m/fpu\libc_nano.a(lib_a-init.o)
 .debug_frame   0x0000501c       0x20 c:/program files (x86)/atollic/truestudio for stm32 9.0.1/armtools/bin/../lib/gcc/arm-atollic-eabi/6.3.1/../../../../arm-atollic-eabi/lib/armv7e-m/fpu\libc_nano.a(lib_a-memset.o)

Cross Reference Table

Symbol                                            File
ADC_AnalogWatchdogCmd                             Libraries\STM32F4xx_StdPeriph_Driver\src\stm32f4xx_adc.o
ADC_AnalogWatchdogSingleChannelConfig             Libraries\STM32F4xx_StdPeriph_Driver\src\stm32f4xx_adc.o
ADC_AnalogWatchdogThresholdsConfig                Libraries\STM32F4xx_StdPeriph_Driver\src\stm32f4xx_adc.o
ADC_AutoInjectedConvCmd                           Libraries\STM32F4xx_StdPeriph_Driver\src\stm32f4xx_adc.o
ADC_ClearFlag                                     Libraries\STM32F4xx_StdPeriph_Driver\src\stm32f4xx_adc.o
ADC_ClearITPendingBit                             Libraries\STM32F4xx_StdPeriph_Driver\src\stm32f4xx_adc.o
ADC_Cmd                                           Libraries\STM32F4xx_StdPeriph_Driver\src\stm32f4xx_adc.o
                                                  src\ADC.o
ADC_CommonInit                                    Libraries\STM32F4xx_StdPeriph_Driver\src\stm32f4xx_adc.o
                                                  src\ADC.o
ADC_CommonStructInit                              Libraries\STM32F4xx_StdPeriph_Driver\src\stm32f4xx_adc.o
ADC_ContinuousModeCmd                             Libraries\STM32F4xx_StdPeriph_Driver\src\stm32f4xx_adc.o
ADC_DMACmd                                        Libraries\STM32F4xx_StdPeriph_Driver\src\stm32f4xx_adc.o
ADC_DMARequestAfterLastTransferCmd                Libraries\STM32F4xx_StdPeriph_Driver\src\stm32f4xx_adc.o
ADC_DeInit                                        Libraries\STM32F4xx_StdPeriph_Driver\src\stm32f4xx_adc.o
                                                  src\main.o
ADC_DiscModeChannelCountConfig                    Libraries\STM32F4xx_StdPeriph_Driver\src\stm32f4xx_adc.o
ADC_DiscModeCmd                                   Libraries\STM32F4xx_StdPeriph_Driver\src\stm32f4xx_adc.o
ADC_EOCOnEachRegularChannelCmd                    Libraries\STM32F4xx_StdPeriph_Driver\src\stm32f4xx_adc.o
ADC_ExternalTrigInjectedConvConfig                Libraries\STM32F4xx_StdPeriph_Driver\src\stm32f4xx_adc.o
ADC_ExternalTrigInjectedConvEdgeConfig            Libraries\STM32F4xx_StdPeriph_Driver\src\stm32f4xx_adc.o
ADC_GetConversionValue                            Libraries\STM32F4xx_StdPeriph_Driver\src\stm32f4xx_adc.o
                                                  src\ADC.o
ADC_GetFlagStatus                                 Libraries\STM32F4xx_StdPeriph_Driver\src\stm32f4xx_adc.o
                                                  src\ADC.o
ADC_GetITStatus                                   Libraries\STM32F4xx_StdPeriph_Driver\src\stm32f4xx_adc.o
ADC_GetInjectedConversionValue                    Libraries\STM32F4xx_StdPeriph_Driver\src\stm32f4xx_adc.o
ADC_GetMultiModeConversionValue                   Libraries\STM32F4xx_StdPeriph_Driver\src\stm32f4xx_adc.o
ADC_GetSoftwareStartConvStatus                    Libraries\STM32F4xx_StdPeriph_Driver\src\stm32f4xx_adc.o
ADC_GetSoftwareStartInjectedConvCmdStatus         Libraries\STM32F4xx_StdPeriph_Driver\src\stm32f4xx_adc.o
ADC_IRQHandler                                    src\startup_stm32f40xx.o
ADC_ITConfig                                      Libraries\STM32F4xx_StdPeriph_Driver\src\stm32f4xx_adc.o
ADC_Init                                          Libraries\STM32F4xx_StdPeriph_Driver\src\stm32f4xx_adc.o
                                                  src\ADC.o
ADC_InjectedChannelConfig                         Libraries\STM32F4xx_StdPeriph_Driver\src\stm32f4xx_adc.o
ADC_InjectedDiscModeCmd                           Libraries\STM32F4xx_StdPeriph_Driver\src\stm32f4xx_adc.o
ADC_InjectedSequencerLengthConfig                 Libraries\STM32F4xx_StdPeriph_Driver\src\stm32f4xx_adc.o
ADC_MultiModeDMARequestAfterLastTransferCmd       Libraries\STM32F4xx_StdPeriph_Driver\src\stm32f4xx_adc.o
ADC_RegularChannelConfig                          Libraries\STM32F4xx_StdPeriph_Driver\src\stm32f4xx_adc.o
                                                  src\ADC.o
ADC_SetInjectedOffset                             Libraries\STM32F4xx_StdPeriph_Driver\src\stm32f4xx_adc.o
ADC_SoftwareStartConv                             Libraries\STM32F4xx_StdPeriph_Driver\src\stm32f4xx_adc.o
                                                  src\ADC.o
ADC_SoftwareStartInjectedConv                     Libraries\STM32F4xx_StdPeriph_Driver\src\stm32f4xx_adc.o
ADC_StructInit                                    Libraries\STM32F4xx_StdPeriph_Driver\src\stm32f4xx_adc.o
ADC_TempSensorVrefintCmd                          Libraries\STM32F4xx_StdPeriph_Driver\src\stm32f4xx_adc.o
ADC_VBATCmd                                       Libraries\STM32F4xx_StdPeriph_Driver\src\stm32f4xx_adc.o
AHBPrescTable                                     src\system_stm32f4xx.o
APP_Rx_Buffer                                     Libraries\usb_cdc_device\usbd_cdc_core.o
                                                  Libraries\usb_cdc_device\usbd_cdc_vcp.o
APP_Rx_length                                     Libraries\usb_cdc_device\usbd_cdc_core.o
APP_Rx_ptr_in                                     Libraries\usb_cdc_device\usbd_cdc_core.o
                                                  Libraries\usb_cdc_device\usbd_cdc_vcp.o
APP_Rx_ptr_out                                    Libraries\usb_cdc_device\usbd_cdc_core.o
AUDIO_MAL_DMA_CHANNEL                             Utilities\STM32F4-Discovery\stm32f4_discovery_audio_codec.o
AUDIO_MAL_DMA_CLOCK                               Utilities\STM32F4-Discovery\stm32f4_discovery_audio_codec.o
AUDIO_MAL_DMA_DREG                                Utilities\STM32F4-Discovery\stm32f4_discovery_audio_codec.o
AUDIO_MAL_DMA_FLAG_DME                            Utilities\STM32F4-Discovery\stm32f4_discovery_audio_codec.o
AUDIO_MAL_DMA_FLAG_FE                             Utilities\STM32F4-Discovery\stm32f4_discovery_audio_codec.o
AUDIO_MAL_DMA_FLAG_HT                             Utilities\STM32F4-Discovery\stm32f4_discovery_audio_codec.o
AUDIO_MAL_DMA_FLAG_TC                             Utilities\STM32F4-Discovery\stm32f4_discovery_audio_codec.o
AUDIO_MAL_DMA_FLAG_TE                             Utilities\STM32F4-Discovery\stm32f4_discovery_audio_codec.o
AUDIO_MAL_DMA_IRQ                                 Utilities\STM32F4-Discovery\stm32f4_discovery_audio_codec.o
AUDIO_MAL_DMA_InitStructure                       Utilities\STM32F4-Discovery\stm32f4_discovery_audio_codec.o
AUDIO_MAL_DMA_STREAM                              Utilities\STM32F4-Discovery\stm32f4_discovery_audio_codec.o
AudioRemSize                                      Utilities\STM32F4-Discovery\stm32f4_discovery_audio_codec.o
AudioTotalSize                                    Utilities\STM32F4-Discovery\stm32f4_discovery_audio_codec.o
Audio_MAL_Play                                    Utilities\STM32F4-Discovery\stm32f4_discovery_audio_codec.o
BUTTON_CLK                                        Utilities\STM32F4-Discovery\stm32f4_discovery.o
BUTTON_EXTI_LINE                                  Utilities\STM32F4-Discovery\stm32f4_discovery.o
BUTTON_IRQn                                       Utilities\STM32F4-Discovery\stm32f4_discovery.o
BUTTON_PIN                                        Utilities\STM32F4-Discovery\stm32f4_discovery.o
BUTTON_PIN_SOURCE                                 Utilities\STM32F4-Discovery\stm32f4_discovery.o
BUTTON_PORT                                       Utilities\STM32F4-Discovery\stm32f4_discovery.o
BUTTON_PORT_SOURCE                                Utilities\STM32F4-Discovery\stm32f4_discovery.o
BusFault_Handler                                  src\stm32f4xx_it.o
                                                  src\startup_stm32f40xx.o
CAN1_RX0_IRQHandler                               src\startup_stm32f40xx.o
CAN1_RX1_IRQHandler                               src\startup_stm32f40xx.o
CAN1_SCE_IRQHandler                               src\startup_stm32f40xx.o
CAN1_TX_IRQHandler                                src\startup_stm32f40xx.o
CAN2_RX0_IRQHandler                               src\startup_stm32f40xx.o
CAN2_RX1_IRQHandler                               src\startup_stm32f40xx.o
CAN2_SCE_IRQHandler                               src\startup_stm32f40xx.o
CAN2_TX_IRQHandler                                src\startup_stm32f40xx.o
CAN_CancelTransmit                                Libraries\STM32F4xx_StdPeriph_Driver\src\stm32f4xx_can.o
CAN_ClearFlag                                     Libraries\STM32F4xx_StdPeriph_Driver\src\stm32f4xx_can.o
CAN_ClearITPendingBit                             Libraries\STM32F4xx_StdPeriph_Driver\src\stm32f4xx_can.o
CAN_DBGFreeze                                     Libraries\STM32F4xx_StdPeriph_Driver\src\stm32f4xx_can.o
CAN_DeInit                                        Libraries\STM32F4xx_StdPeriph_Driver\src\stm32f4xx_can.o
CAN_FIFORelease                                   Libraries\STM32F4xx_StdPeriph_Driver\src\stm32f4xx_can.o
CAN_FilterInit                                    Libraries\STM32F4xx_StdPeriph_Driver\src\stm32f4xx_can.o
CAN_GetFlagStatus                                 Libraries\STM32F4xx_StdPeriph_Driver\src\stm32f4xx_can.o
CAN_GetITStatus                                   Libraries\STM32F4xx_StdPeriph_Driver\src\stm32f4xx_can.o
CAN_GetLSBTransmitErrorCounter                    Libraries\STM32F4xx_StdPeriph_Driver\src\stm32f4xx_can.o
CAN_GetLastErrorCode                              Libraries\STM32F4xx_StdPeriph_Driver\src\stm32f4xx_can.o
CAN_GetReceiveErrorCounter                        Libraries\STM32F4xx_StdPeriph_Driver\src\stm32f4xx_can.o
CAN_ITConfig                                      Libraries\STM32F4xx_StdPeriph_Driver\src\stm32f4xx_can.o
CAN_Init                                          Libraries\STM32F4xx_StdPeriph_Driver\src\stm32f4xx_can.o
CAN_MessagePending                                Libraries\STM32F4xx_StdPeriph_Driver\src\stm32f4xx_can.o
CAN_OperatingModeRequest                          Libraries\STM32F4xx_StdPeriph_Driver\src\stm32f4xx_can.o
CAN_Receive                                       Libraries\STM32F4xx_StdPeriph_Driver\src\stm32f4xx_can.o
CAN_SlaveStartBank                                Libraries\STM32F4xx_StdPeriph_Driver\src\stm32f4xx_can.o
CAN_Sleep                                         Libraries\STM32F4xx_StdPeriph_Driver\src\stm32f4xx_can.o
CAN_StructInit                                    Libraries\STM32F4xx_StdPeriph_Driver\src\stm32f4xx_can.o
CAN_TTComModeCmd                                  Libraries\STM32F4xx_StdPeriph_Driver\src\stm32f4xx_can.o
CAN_Transmit                                      Libraries\STM32F4xx_StdPeriph_Driver\src\stm32f4xx_can.o
CAN_TransmitStatus                                Libraries\STM32F4xx_StdPeriph_Driver\src\stm32f4xx_can.o
CAN_WakeUp                                        Libraries\STM32F4xx_StdPeriph_Driver\src\stm32f4xx_can.o
CODECTimeout                                      Utilities\STM32F4-Discovery\stm32f4_discovery_audio_codec.o
CRC_CalcBlockCRC                                  Libraries\STM32F4xx_StdPeriph_Driver\src\stm32f4xx_crc.o
CRC_CalcCRC                                       Libraries\STM32F4xx_StdPeriph_Driver\src\stm32f4xx_crc.o
CRC_GetCRC                                        Libraries\STM32F4xx_StdPeriph_Driver\src\stm32f4xx_crc.o
CRC_GetIDRegister                                 Libraries\STM32F4xx_StdPeriph_Driver\src\stm32f4xx_crc.o
CRC_ResetDR                                       Libraries\STM32F4xx_StdPeriph_Driver\src\stm32f4xx_crc.o
CRC_SetIDRegister                                 Libraries\STM32F4xx_StdPeriph_Driver\src\stm32f4xx_crc.o
CRYP_AES_CBC                                      Libraries\STM32F4xx_StdPeriph_Driver\src\stm32f4xx_cryp_aes.o
CRYP_AES_CCM                                      Libraries\STM32F4xx_StdPeriph_Driver\src\stm32f4xx_cryp_aes.o
CRYP_AES_CTR                                      Libraries\STM32F4xx_StdPeriph_Driver\src\stm32f4xx_cryp_aes.o
CRYP_AES_ECB                                      Libraries\STM32F4xx_StdPeriph_Driver\src\stm32f4xx_cryp_aes.o
CRYP_AES_GCM                                      Libraries\STM32F4xx_StdPeriph_Driver\src\stm32f4xx_cryp_aes.o
CRYP_Cmd                                          Libraries\STM32F4xx_StdPeriph_Driver\src\stm32f4xx_cryp.o
                                                  Libraries\STM32F4xx_StdPeriph_Driver\src\stm32f4xx_cryp_tdes.o
                                                  Libraries\STM32F4xx_StdPeriph_Driver\src\stm32f4xx_cryp_des.o
                                                  Libraries\STM32F4xx_StdPeriph_Driver\src\stm32f4xx_cryp_aes.o
CRYP_DES_CBC                                      Libraries\STM32F4xx_StdPeriph_Driver\src\stm32f4xx_cryp_des.o
CRYP_DES_ECB                                      Libraries\STM32F4xx_StdPeriph_Driver\src\stm32f4xx_cryp_des.o
CRYP_DMACmd                                       Libraries\STM32F4xx_StdPeriph_Driver\src\stm32f4xx_cryp.o